Component: ARM Compiler 5.06 update 6 (build 750) Tool: armlink [4d35ed]

==============================================================================

Section Cross References

    main.o(i.main) refers to delay.o(i.delay_init) for delay_init
    main.o(i.main) refers to bridgeflash.o(i.BdgFlashInit) for BdgFlashInit
    main.o(i.main) refers to sys.o(i.NVIC_Config) for NVIC_Config
    main.o(i.main) refers to key.o(i.KEY_Init) for KEY_Init
    main.o(i.main) refers to bsp_beep.o(i.Beep_Init) for Beep_Init
    main.o(i.main) refers to bsp_oled_iic.o(i.oled_Init) for oled_Init
    main.o(i.main) refers to led.o(i.LED_GPIO_Config) for LED_GPIO_Config
    main.o(i.main) refers to shake.o(i.Shake_Init) for Shake_Init
    main.o(i.main) refers to my_usart1.o(i.My_USART1) for My_USART1
    main.o(i.main) refers to my_usart2.o(i.My_USART2) for My_USART2
    main.o(i.main) refers to esp8266_drv.o(i.WIFI_RESET_init) for WIFI_RESET_init
    main.o(i.main) refers to mqtt_drv.o(i.Ali_MsessageInit) for Ali_MsessageInit
    main.o(i.main) refers to time2.o(i.TIM2_Init) for TIM2_Init
    main.o(i.main) refers to bsp_oled_iic.o(i.oled_Clear) for oled_Clear
    main.o(i.main) refers to esp8266_drv.o(i.ESP8266_run_handle) for ESP8266_run_handle
    main.o(i.main) refers to gps.o(i.get_gps) for get_gps
    main.o(i.main) refers to menu.o(i.Mode_selection) for Mode_selection
    main.o(i.main) refers to gps.o(.bss) for GPS_Data
    main.o(i.main) refers to main.o(.bss) for SensorData
    menu.o(i.Action) refers to stm32f10x_gpio.o(i.GPIO_SetBits) for GPIO_SetBits
    menu.o(i.Action) refers to stm32f10x_gpio.o(i.GPIO_ResetBits) for GPIO_ResetBits
    menu.o(i.Action) refers to led.o(i.LED_Update) for LED_Update
    menu.o(i.Action) refers to main.o(.data) for System
    menu.o(i.Anti_theft_mode) refers to delay.o(i.HAL_GetTick) for HAL_GetTick
    menu.o(i.Anti_theft_mode) refers to bsp_oled_iic.o(i.oled_ShowCHinese) for oled_ShowCHinese
    menu.o(i.Anti_theft_mode) refers to led.o(i.LED_SetBlinkMode) for LED_SetBlinkMode
    menu.o(i.Anti_theft_mode) refers to bsp_beep.o(i.Short_Beep) for Short_Beep
    menu.o(i.Anti_theft_mode) refers to bsp_oled_iic.o(i.oled_ShowString) for oled_ShowString
    menu.o(i.Anti_theft_mode) refers to menu.o(.data) for Current_ShakeCount
    menu.o(i.Anti_theft_mode) refers to time2.o(.data) for ShakeCount
    menu.o(i.Anti_theft_mode) refers to led.o(.bss) for Led_Controller
    menu.o(i.Anti_theft_mode) refers to main.o(.data) for System
    menu.o(i.Automatic) refers to menu.o(.data) for displayFlag
    menu.o(i.Automatic) refers to main.o(.data) for System
    menu.o(i.Display) refers to bsp_oled_iic.o(i.oled_Clear) for oled_Clear
    menu.o(i.Display) refers to led.o(i.LED_SetBlinkMode) for LED_SetBlinkMode
    menu.o(i.Display) refers to bsp_oled_iic.o(i.oled_ShowCHinese) for oled_ShowCHinese
    menu.o(i.Display) refers to bsp_oled_iic.o(i.oled_ShowString) for oled_ShowString
    menu.o(i.Display) refers to bsp_oled_iic.o(i.OLED_ShowFNum) for OLED_ShowFNum
    menu.o(i.Display) refers to menu.o(i.Anti_theft_mode) for Anti_theft_mode
    menu.o(i.Display) refers to esp8266_drv.o(i.MqttCon_Display) for MqttCon_Display
    menu.o(i.Display) refers to esp8266_drv.o(i.Topic_Display) for Topic_Display
    menu.o(i.Display) refers to key.o(.data) for isKey1
    menu.o(i.Display) refers to menu.o(.data) for displayFlag
    menu.o(i.Display) refers to main.o(.data) for System
    menu.o(i.Display) refers to main.o(.bss) for SensorData
    menu.o(i.Mode_selection) refers to menu.o(i.Automatic) for Automatic
    menu.o(i.Mode_selection) refers to menu.o(i.Action) for Action
    menu.o(i.Mode_selection) refers to menu.o(i.Display) for Display
    sys.o(i.NVIC_Config) refers to misc.o(i.NVIC_PriorityGroupConfig) for NVIC_PriorityGroupConfig
    sys.o(i.NVIC_Config) refers to misc.o(i.NVIC_Init) for NVIC_Init
    time2.o(i.TIM2_IRQHandler) refers to stm32f10x_tim.o(i.TIM_GetITStatus) for TIM_GetITStatus
    time2.o(i.TIM2_IRQHandler) refers to key.o(i.KeyScan) for KeyScan
    time2.o(i.TIM2_IRQHandler) refers to shake.o(i.Shake_GetValue) for Shake_GetValue
    time2.o(i.TIM2_IRQHandler) refers to stm32f10x_tim.o(i.TIM_ClearITPendingBit) for TIM_ClearITPendingBit
    time2.o(i.TIM2_IRQHandler) refers to main.o(.bss) for SensorData
    time2.o(i.TIM2_IRQHandler) refers to menu.o(.data) for displayFlag
    time2.o(i.TIM2_IRQHandler) refers to time2.o(.data) for ShakeCount
    time2.o(i.TIM2_Init) refers to stm32f10x_rcc.o(i.RCC_APB1PeriphClockCmd) for RCC_APB1PeriphClockCmd
    time2.o(i.TIM2_Init) refers to stm32f10x_tim.o(i.TIM_TimeBaseInit) for TIM_TimeBaseInit
    time2.o(i.TIM2_Init) refers to stm32f10x_tim.o(i.TIM_ITConfig) for TIM_ITConfig
    time2.o(i.TIM2_Init) refers to stm32f10x_tim.o(i.TIM_Cmd) for TIM_Cmd
    bridgeflash.o(i.BdgFlashInit) refers to stm32f10x_flash.o(i.FLASH_Unlock) for FLASH_Unlock
[...]
    Removing stm32f10x_tim.o(i.TIM_PWMIConfig), (124 bytes).
    Removing stm32f10x_tim.o(i.TIM_PrescalerConfig), (6 bytes).
    Removing stm32f10x_tim.o(i.TIM_SelectCCDMA), (24 bytes).
    Removing stm32f10x_tim.o(i.TIM_SelectCOM), (24 bytes).
    Removing stm32f10x_tim.o(i.TIM_SelectHallSensor), (24 bytes).
    Removing stm32f10x_tim.o(i.TIM_SelectInputTrigger), (18 bytes).
    Removing stm32f10x_tim.o(i.TIM_SelectMasterSlaveMode), (18 bytes).
    Removing stm32f10x_tim.o(i.TIM_SelectOCxM), (82 bytes).
    Removing stm32f10x_tim.o(i.TIM_SelectOnePulseMode), (18 bytes).
    Removing stm32f10x_tim.o(i.TIM_SelectOutputTrigger), (18 bytes).
    Removing stm32f10x_tim.o(i.TIM_SelectSlaveMode), (18 bytes).
    Removing stm32f10x_tim.o(i.TIM_SetAutoreload), (4 bytes).
    Removing stm32f10x_tim.o(i.TIM_SetClockDivision), (18 bytes).
    Removing stm32f10x_tim.o(i.TIM_SetCompare1), (4 bytes).
    Removing stm32f10x_tim.o(i.TIM_SetCompare2), (4 bytes).
    Removing stm32f10x_tim.o(i.TIM_SetCompare3), (4 bytes).
    Removing stm32f10x_tim.o(i.TIM_SetCompare4), (6 bytes).
    Removing stm32f10x_tim.o(i.TIM_SetCounter), (4 bytes).
    Removing stm32f10x_tim.o(i.TIM_SetIC1Prescaler), (18 bytes).
    Removing stm32f10x_tim.o(i.TIM_SetIC2Prescaler), (26 bytes).
    Removing stm32f10x_tim.o(i.TIM_SetIC3Prescaler), (18 bytes).
    Removing stm32f10x_tim.o(i.TIM_SetIC4Prescaler), (26 bytes).
    Removing stm32f10x_tim.o(i.TIM_TIxExternalClockConfig), (62 bytes).
    Removing stm32f10x_tim.o(i.TIM_TimeBaseStructInit), (18 bytes).
    Removing stm32f10x_tim.o(i.TIM_UpdateDisableConfig), (24 bytes).
    Removing stm32f10x_tim.o(i.TIM_UpdateRequestConfig), (24 bytes).
    Removing stm32f10x_usart.o(i.USART_ClockInit), (34 bytes).
    Removing stm32f10x_usart.o(i.USART_ClockStructInit), (12 bytes).
    Removing stm32f10x_usart.o(i.USART_DMACmd), (18 bytes).
    Removing stm32f10x_usart.o(i.USART_DeInit), (156 bytes).
    Removing stm32f10x_usart.o(i.USART_GetFlagStatus), (26 bytes).
    Removing stm32f10x_usart.o(i.USART_HalfDuplexCmd), (24 bytes).
    Removing stm32f10x_usart.o(i.USART_IrDACmd), (24 bytes).
    Removing stm32f10x_usart.o(i.USART_IrDAConfig), (18 bytes).
    Removing stm32f10x_usart.o(i.USART_LINBreakDetectLengthConfig), (18 bytes).
    Removing stm32f10x_usart.o(i.USART_LINCmd), (24 bytes).
    Removing stm32f10x_usart.o(i.USART_OneBitMethodCmd), (24 bytes).
    Removing stm32f10x_usart.o(i.USART_OverSampling8Cmd), (22 bytes).
    Removing stm32f10x_usart.o(i.USART_ReceiverWakeUpCmd), (24 bytes).
    Removing stm32f10x_usart.o(i.USART_SendBreak), (10 bytes).
    Removing stm32f10x_usart.o(i.USART_SendData), (8 bytes).
    Removing stm32f10x_usart.o(i.USART_SetAddress), (18 bytes).
    Removing stm32f10x_usart.o(i.USART_SetGuardTime), (16 bytes).
    Removing stm32f10x_usart.o(i.USART_SetPrescaler), (16 bytes).
    Removing stm32f10x_usart.o(i.USART_SmartCardCmd), (24 bytes).
    Removing stm32f10x_usart.o(i.USART_SmartCardNACKCmd), (24 bytes).
    Removing stm32f10x_usart.o(i.USART_StructInit), (24 bytes).
    Removing stm32f10x_usart.o(i.USART_WakeUpConfig), (18 bytes).
    Removing stm32f10x_wwdg.o(i.WWDG_ClearFlag), (12 bytes).
    Removing stm32f10x_wwdg.o(i.WWDG_DeInit), (22 bytes).
    Removing stm32f10x_wwdg.o(i.WWDG_Enable), (16 bytes).
    Removing stm32f10x_wwdg.o(i.WWDG_EnableIT), (12 bytes).
    Removing stm32f10x_wwdg.o(i.WWDG_GetFlagStatus), (12 bytes).
    Removing stm32f10x_wwdg.o(i.WWDG_SetCounter), (16 bytes).
    Removing stm32f10x_wwdg.o(i.WWDG_SetPrescaler), (24 bytes).
    Removing stm32f10x_wwdg.o(i.WWDG_SetWindowValue), (40 bytes).

489 unused section(s) (total 151874 bytes) removed from the image.

==============================================================================

Image Symbol Table

    Local Symbols

    Symbol Name                              Value     Ov Type        Size  Object(Section)

    ../clib/../cmprslib/zerorunl2.c          0x00000000   Number         0  __dczerorl2.o ABSOLUTE
    ../clib/microlib/division.c              0x00000000   Number         0  uidiv.o ABSOLUTE
    ../clib/microlib/division.c              0x00000000   Number         0  uldiv.o ABSOLUTE
    ../clib/microlib/init/entry.s            0x00000000   Number         0  entry11b.o ABSOLUTE
    ../clib/microlib/init/entry.s            0x00000000   Number         0  entry8a.o ABSOLUTE
    ../clib/microlib/init/entry.s            0x00000000   Number         0  entry7b.o ABSOLUTE
    ../clib/microlib/init/entry.s            0x00000000   Number         0  entry7a.o ABSOLUTE
    ../clib/microlib/init/entry.s            0x00000000   Number         0  entry.o ABSOLUTE
    ../clib/microlib/init/entry.s            0x00000000   Number         0  entry5.o ABSOLUTE
    ../clib/microlib/init/entry.s            0x00000000   Number         0  entry11a.o ABSOLUTE
    ../clib/microlib/init/entry.s            0x00000000   Number         0  entry2.o ABSOLUTE
    ../clib/microlib/init/entry.s            0x00000000   Number         0  entry10a.o ABSOLUTE
    ../clib/microlib/init/entry.s            0x00000000   Number         0  entry9b.o ABSOLUTE
    ../clib/microlib/init/entry.s            0x00000000   Number         0  entry9a.o ABSOLUTE
    ../clib/microlib/init/entry.s            0x00000000   Number         0  entry10b.o ABSOLUTE
    ../clib/microlib/init/entry.s            0x00000000   Number         0  entry8b.o ABSOLUTE
    ../clib/microlib/longlong.c              0x00000000   Number         0  llsshr.o ABSOLUTE
    ../clib/microlib/longlong.c              0x00000000   Number         0  llushr.o ABSOLUTE
    ../clib/microlib/longlong.c              0x00000000   Number         0  llshl.o ABSOLUTE
    ../clib/microlib/printf/printf.c         0x00000000   Number         0  printf8.o ABSOLUTE
    ../clib/microlib/printf/printf.c         0x00000000   Number         0  printfb.o ABSOLUTE
    ../clib/microlib/printf/printf.c         0x00000000   Number         0  printf0.o ABSOLUTE
    ../clib/microlib/printf/printf.c         0x00000000   Number         0  printf1.o ABSOLUTE
    ../clib/microlib/printf/printf.c         0x00000000   Number         0  printf2.o ABSOLUTE
    ../clib/microlib/printf/printf.c         0x00000000   Number         0  printf3.o ABSOLUTE
    ../clib/microlib/printf/printf.c         0x00000000   Number         0  printf4.o ABSOLUTE
    ../clib/microlib/printf/printf.c         0x00000000   Number         0  printf5.o ABSOLUTE
    ../clib/microlib/printf/printf.c         0x00000000   Number         0  printf6.o ABSOLUTE
    ../clib/microlib/printf/printf.c         0x00000000   Number         0  printf7.o ABSOLUTE
    ../clib/microlib/printf/printf.c         0x00000000   Number         0  printfa.o ABSOLUTE
    ../clib/microlib/printf/stubs.s          0x00000000   Number         0  stubs.o ABSOLUTE
    ../clib/microlib/stdio/streams.c         0x00000000   Number         0  stdout.o ABSOLUTE
    ../clib/microlib/string/memcpy.c         0x00000000   Number         0  memcpyb.o ABSOLUTE
    ../clib/microlib/string/memcpy.c         0x00000000   Number         0  memcpya.o ABSOLUTE
    ../clib/microlib/string/memset.c         0x00000000   Number         0  memseta.o ABSOLUTE
    ../clib/microlib/string/strlen.c         0x00000000   Number         0  strlen.o ABSOLUTE
    ../clib/microlib/string/strstr.c         0x00000000   Number         0  strstr.o ABSOLUTE
    ../clib/microlib/stubs.s                 0x00000000   Number         0  iusefp.o ABSOLUTE
    ../fplib/microlib/f2d.c                  0x00000000   Number         0  f2d.o ABSOLUTE
    ../fplib/microlib/fpadd.c                0x00000000   Number         0  dadd.o ABSOLUTE
    ../fplib/microlib/fpadd.c                0x00000000   Number         0  fadd.o ABSOLUTE
    ../fplib/microlib/fpdiv.c                0x00000000   Number         0  ddiv.o ABSOLUTE
    ../fplib/microlib/fpdiv.c                0x00000000   Number         0  fdiv.o ABSOLUTE
    ../fplib/microlib/fpepilogue.c           0x00000000   Number         0  fepilogue.o ABSOLUTE
    ../fplib/microlib/fpepilogue.c           0x00000000   Number         0  depilogue.o ABSOLUTE
    ../fplib/microlib/fpfix.c                0x00000000   Number         0  ffixui.o ABSOLUTE
    ../fplib/microlib/fpfix.c                0x00000000   Number         0  dfixul.o ABSOLUTE
    ../fplib/microlib/fpflt.c                0x00000000   Number         0  ffltui.o ABSOLUTE
    ../fplib/microlib/fpmul.c                0x00000000   Number         0  fmul.o ABSOLUTE
    ../fplib/microlib/fpmul.c                0x00000000   Number         0  dmul.o ABSOLUTE
    ..\Libraries\CMSIS\core_cm3.c            0x00000000   Number         0  core_cm3.o ABSOLUTE
    ..\Libraries\CMSIS\startup\arm\startup_stm32f10x_md.s 0x00000000   Number         0  startup_stm32f10x_md.o ABSOLUTE
    ..\Libraries\CMSIS\system_stm32f10x.c    0x00000000   Number         0  system_stm32f10x.o ABSOLUTE
    ..\Libraries\STM32F10x_StdPeriph_Driver\src\misc.c 0x00000000   Number         0  misc.o ABSOLUTE
    ..\Libraries\STM32F10x_StdPeriph_Driver\src\stm32f10x_adc.c 0x00000000   Number         0  stm32f10x_adc.o ABSOLUTE
    ..\Libraries\STM32F10x_StdPeriph_Driver\src\stm32f10x_bkp.c 0x00000000   Number         0  stm32f10x_bkp.o ABSOLUTE
    ..\Libraries\STM32F10x_StdPeriph_Driver\src\stm32f10x_can.c 0x00000000   Number         0  stm32f10x_can.o ABSOLUTE
    ..\Libraries\STM32F10x_StdPeriph_Driver\src\stm32f10x_cec.c 0x00000000   Number         0  stm32f10x_cec.o ABSOLUTE
    ..\Libraries\STM32F10x_StdPeriph_Driver\src\stm32f10x_crc.c 0x00000000   Number         0  stm32f10x_crc.o ABSOLUTE
    ..\Libraries\STM32F10x_StdPeriph_Driver\src\stm32f10x_dac.c 0x00000000   Number         0  stm32f10x_dac.o ABSOLUTE
    ..\Libraries\STM32F10x_StdPeriph_Driver\src\stm32f10x_dbgmcu.c 0x00000000   Number         0  stm32f10x_dbgmcu.o ABSOLUTE
    ..\Libraries\STM32F10x_StdPeriph_Driver\src\stm32f10x_dma.c 0x00000000   Number         0  stm32f10x_dma.o ABSOLUTE
    ..\Libraries\STM32F10x_StdPeriph_Driver\src\stm32f10x_exti.c 0x00000000   Number         0  stm32f10x_exti.o ABSOLUTE
    ..\Libraries\STM32F10x_StdPeriph_Driver\src\stm32f10x_flash.c 0x00000000   Number         0  stm32f10x_flash.o ABSOLUTE
    ..\Libraries\STM32F10x_StdPeriph_Driver\src\stm32f10x_fsmc.c 0x00000000   Number         0  stm32f10x_fsmc.o ABSOLUTE
    ..\Libraries\STM32F10x_StdPeriph_Driver\src\stm32f10x_gpio.c 0x00000000   Number         0  stm32f10x_gpio.o ABSOLUTE
    ..\Libraries\STM32F10x_StdPeriph_Driver\src\stm32f10x_i2c.c 0x00000000   Number         0  stm32f10x_i2c.o ABSOLUTE
    ..\Libraries\STM32F10x_StdPeriph_Driver\src\stm32f10x_iwdg.c 0x00000000   Number         0  stm32f10x_iwdg.o ABSOLUTE
    ..\Libraries\STM32F10x_StdPeriph_Driver\src\stm32f10x_pwr.c 0x00000000   Number         0  stm32f10x_pwr.o ABSOLUTE
    ..\Libraries\STM32F10x_StdPeriph_Driver\src\stm32f10x_rcc.c 0x00000000   Number         0  stm32f10x_rcc.o ABSOLUTE
    ..\Libraries\STM32F10x_StdPeriph_Driver\src\stm32f10x_rtc.c 0x00000000   Number         0  stm32f10x_rtc.o ABSOLUTE
    ..\Libraries\STM32F10x_StdPeriph_Driver\src\stm32f10x_sdio.c 0x00000000   Number         0  stm32f10x_sdio.o ABSOLUTE
    ..\Libraries\STM32F10x_StdPeriph_Driver\src\stm32f10x_spi.c 0x00000000   Number         0  stm32f10x_spi.o ABSOLUTE
    ..\Libraries\STM32F10x_StdPeriph_Driver\src\stm32f10x_tim.c 0x00000000   Number         0  stm32f10x_tim.o ABSOLUTE
    ..\Libraries\STM32F10x_StdPeriph_Driver\src\stm32f10x_usart.c 0x00000000   Number         0  stm32f10x_usart.o ABSOLUTE
    ..\Libraries\STM32F10x_StdPeriph_Driver\src\stm32f10x_wwdg.c 0x00000000   Number         0  stm32f10x_wwdg.o ABSOLUTE
    ..\SYS\flash\BridgeFlash.c               0x00000000   Number         0  bridgeflash.o ABSOLUTE
    ..\SYS\main.c                            0x00000000   Number         0  main.o ABSOLUTE
    ..\SYS\menu\menu.c                       0x00000000   Number         0  menu.o ABSOLUTE
    ..\SYS\my_usart\my_usart1.c              0x00000000   Number         0  my_usart1.o ABSOLUTE
    ..\SYS\my_usart\my_usart2.c              0x00000000   Number         0  my_usart2.o ABSOLUTE
    ..\SYS\sys.c                             0x00000000   Number         0  sys.o ABSOLUTE
    ..\SYS\time\time2.c                      0x00000000   Number         0  time2.o ABSOLUTE
    ..\User\GPS\gps.c                        0x00000000   Number         0  gps.o ABSOLUTE
    ..\User\beep\bsp_beep.c                  0x00000000   Number         0  bsp_beep.o ABSOLUTE
    ..\User\delay\delay.c                    0x00000000   Number         0  delay.o ABSOLUTE
    ..\User\key\key.c                        0x00000000   Number         0  key.o ABSOLUTE
    ..\User\led\led.c                        0x00000000   Number         0  led.o ABSOLUTE
    ..\User\mqttwifi\esp8266_drv.c           0x00000000   Number         0  esp8266_drv.o ABSOLUTE
    ..\User\mqttwifi\mqtt_drv.c              0x00000000   Number         0  mqtt_drv.o ABSOLUTE
    ..\User\oled\bsp_oled_iic.c              0x00000000   Number         0  bsp_oled_iic.o ABSOLUTE
    ..\User\shake\shake.c                    0x00000000   Number         0  shake.o ABSOLUTE
    ..\User\stm32f10x_it.c                   0x00000000   Number         0  stm32f10x_it.o ABSOLUTE
    ..\\Libraries\\CMSIS\\core_cm3.c         0x00000000   Number         0  core_cm3.o ABSOLUTE
    cdrcmple.s                               0x00000000   Number         0  cdrcmple.o ABSOLUTE
    dc.s                                     0x00000000   Number         0  dc.o ABSOLUTE
    handlers.s                               0x00000000   Number         0  handlers.o ABSOLUTE
    init.s                                   0x00000000   Number         0  init.o ABSOLUTE
    RESET                                    0x08000000   Section      236  startup_stm32f10x_md.o(RESET)
    .ARM.Collect$$$$00000000                 0x080000ec   Section        0  entry.o(.ARM.Collect$$$$00000000)
    .ARM.Collect$$$$00000001                 0x080000ec   Section        4  entry2.o(.ARM.Collect$$$$00000001)
    .ARM.Collect$$$$00000004                 0x080000f0   Section        4  entry5.o(.ARM.Collect$$$$00000004)
    .ARM.Collect$$$$00000008                 0x080000f4   Section        0  entry7b.o(.ARM.Collect$$$$00000008)
    .ARM.Collect$$$$0000000A                 0x080000f4   Section        0  entry8b.o(.ARM.Collect$$$$0000000A)
    .ARM.Collect$$$$0000000B                 0x080000f4   Section        8  entry9a.o(.ARM.Collect$$$$0000000B)
    .ARM.Collect$$$$0000000D                 0x080000fc   Section        0  entry10a.o(.ARM.Collect$$$$0000000D)
    .ARM.Collect$$$$0000000F                 0x080000fc   Section        0  entry11a.o(.ARM.Collect$$$$0000000F)
    .ARM.Collect$$$$00002712                 0x080000fc   Section        4  entry2.o(.ARM.Collect$$$$00002712)
    __lit__00000000                          0x080000fc   Data           4  entry2.o(.ARM.Collect$$$$00002712)
    .text                                    0x08000100   Section       36  startup_stm32f10x_md.o(.text)
    .text                                    0x08000124   Section        0  memcpya.o(.text)
    .text                                    0x08000148   Section        0  memseta.o(.text)
    .text                                    0x0800016c   Section        0  strstr.o(.text)
    .text                                    0x08000190   Section        0  strlen.o(.text)
    .text                                    0x0800019e   Section        0  fadd.o(.text)
    .text                                    0x0800024e   Section        0  fmul.o(.text)
    .text                                    0x080002b2   Section        0  fdiv.o(.text)
    .text                                    0x0800032e   Section        0  ffltui.o(.text)
    .text                                    0x08000338   Section        0  ffixui.o(.text)
    .text                                    0x08000360   Section        0  f2d.o(.text)
    .text                                    0x08000386   Section        0  uidiv.o(.text)
    .text                                    0x080003b2   Section        0  uldiv.o(.text)
    .text                                    0x08000414   Section        0  fepilogue.o(.text)
    .text                                    0x08000414   Section        0  iusefp.o(.text)
    .text                                    0x08000482   Section        0  dadd.o(.text)
    .text                                    0x080005d0   Section        0  dmul.o(.text)
    .text                                    0x080006b4   Section        0  ddiv.o(.text)
    .text                                    0x08000792   Section        0  dfixul.o(.text)
    .text                                    0x080007c4   Section       48  cdrcmple.o(.text)
    .text                                    0x080007f4   Section       36  init.o(.text)
    .text                                    0x08000818   Section        0  llshl.o(.text)
    .text                                    0x08000836   Section        0  llushr.o(.text)
    .text                                    0x08000856   Section        0  llsshr.o(.text)
    .text                                    0x0800087a   Section        0  depilogue.o(.text)
    .text                                    0x08000934   Section        0  __dczerorl2.o(.text)
    i.Action                                 0x0800098c   Section        0  menu.o(i.Action)
    i.Ali_MsessageInit                       0x080009f0   Section        0  mqtt_drv.o(i.Ali_MsessageInit)
    i.Anti_theft_mode                        0x08000a74   Section        0  menu.o(i.Anti_theft_mode)
    i.Automatic                              0x08000bd0   Section        0  menu.o(i.Automatic)
    i.BdgFlashInit                           0x08000bf8   Section        0  bridgeflash.o(i.BdgFlashInit)
    i.Beep_Init                              0x08000c18   Section        0  bsp_beep.o(i.Beep_Init)
    i.BusFault_Handler                       0x08000c50   Section        0  stm32f10x_it.o(i.BusFault_Handler)
    i.DebugMon_Handler                       0x08000c54   Section        0  stm32f10x_it.o(i.DebugMon_Handler)
    i.Delay_1ms                              0x08000c56   Section        0  bsp_oled_iic.o(i.Delay_1ms)
    i.Display                                0x08000c70   Section        0  menu.o(i.Display)
    i.ESP8266_reset                          0x08000da8   Section        0  esp8266_drv.o(i.ESP8266_reset)
    i.ESP8266_run_handle                     0x08000e28   Section        0  esp8266_drv.o(i.ESP8266_run_handle)
    i.FLASH_ClearFlag                        0x08000fdc   Section        0  stm32f10x_flash.o(i.FLASH_ClearFlag)
    i.FLASH_ErasePage                        0x08000fe8   Section        0  stm32f10x_flash.o(i.FLASH_ErasePage)
    i.FLASH_ErasePage_user                   0x08001034   Section        0  bridgeflash.o(i.FLASH_ErasePage_user)
    i.FLASH_GetBank1Status                   0x08001060   Section        0  stm32f10x_flash.o(i.FLASH_GetBank1Status)
    i.FLASH_Lock                             0x08001094   Section        0  stm32f10x_flash.o(i.FLASH_Lock)
    i.FLASH_ProgramHalfWord                  0x080010a8   Section        0  stm32f10x_flash.o(i.FLASH_ProgramHalfWord)
    i.FLASH_ReadData                         0x080010e8   Section        0  bridgeflash.o(i.FLASH_ReadData)
    i.FLASH_Unlock                           0x08001104   Section        0  stm32f10x_flash.o(i.FLASH_Unlock)
    i.FLASH_WaitForLastOperation             0x0800111c   Section        0  stm32f10x_flash.o(i.FLASH_WaitForLastOperation)
    i.FLASH_WriteData                        0x08001142   Section        0  bridgeflash.o(i.FLASH_WriteData)
    i.GPIO_Init                              0x0800118e   Section        0  stm32f10x_gpio.o(i.GPIO_Init)
    i.GPIO_ReadInputDataBit                  0x080012a4   Section        0  stm32f10x_gpio.o(i.GPIO_ReadInputDataBit)
    i.GPIO_ResetBits                         0x080012b6   Section        0  stm32f10x_gpio.o(i.GPIO_ResetBits)
    i.GPIO_SetBits                           0x080012ba   Section        0  stm32f10x_gpio.o(i.GPIO_SetBits)
    i.HAL_Delay                              0x080012be   Section        0  delay.o(i.HAL_Delay)
    i.HAL_GetTick                            0x080012d8   Section        0  delay.o(i.HAL_GetTick)
    i.HardFault_Handler                      0x080012e4   Section        0  stm32f10x_it.o(i.HardFault_Handler)
    i.I2C_SendByte                           0x080012e8   Section        0  bsp_oled_iic.o(i.I2C_SendByte)
    I2C_SendByte                             0x080012e9   Thumb Code    88  bsp_oled_iic.o(i.I2C_SendByte)
    i.I2C_Start                              0x08001344   Section        0  bsp_oled_iic.o(i.I2C_Start)
    I2C_Start                                0x08001345   Thumb Code    90  bsp_oled_iic.o(i.I2C_Start)
    i.I2C_Stop                               0x080013a4   Section        0  bsp_oled_iic.o(i.I2C_Stop)
    I2C_Stop                                 0x080013a5   Thumb Code    56  bsp_oled_iic.o(i.I2C_Stop)
    i.I2C_WaitAck                            0x080013e0   Section        0  bsp_oled_iic.o(i.I2C_WaitAck)
    I2C_WaitAck                              0x080013e1   Thumb Code    86  bsp_oled_iic.o(i.I2C_WaitAck)
    i.I2C_delay                              0x0800143c   Section        0  bsp_oled_iic.o(i.I2C_delay)
    I2C_delay                                0x0800143d   Thumb Code    14  bsp_oled_iic.o(i.I2C_delay)
    i.KEY_Init                               0x0800144c   Section        0  key.o(i.KEY_Init)
    i.Key1Press                              0x0800148c   Section        0  key.o(i.Key1Press)
    i.Key2Press                              0x080014a0   Section        0  key.o(i.Key2Press)
    i.Key3Press                              0x080014b4   Section        0  key.o(i.Key3Press)
    i.Key4Press                              0x080014c8   Section        0  key.o(i.Key4Press)
    i.KeyScan                                0x080014dc   Section        0  key.o(i.KeyScan)
    i.LED_GPIO_Config                        0x08001644   Section        0  led.o(i.LED_GPIO_Config)
    i.LED_SetBlinkMode                       0x08001688   Section        0  led.o(i.LED_SetBlinkMode)
    i.LED_Update                             0x0800170c   Section        0  led.o(i.LED_Update)
    i.MQTT_Buff_Init                         0x08001774   Section        0  mqtt_drv.o(i.MQTT_Buff_Init)
    i.MemManage_Handler                      0x080017b0   Section        0  stm32f10x_it.o(i.MemManage_Handler)
    i.Mode_selection                         0x080017b4   Section        0  menu.o(i.Mode_selection)
    i.MqttCon_Display                        0x080017c4   Section        0  esp8266_drv.o(i.MqttCon_Display)
    i.Mqtt_ConnectMessege                    0x08001864   Section        0  mqtt_drv.o(i.Mqtt_ConnectMessege)
    i.Mqtt_Parameter_init                    0x08001a18   Section        0  esp8266_drv.o(i.Mqtt_Parameter_init)
    i.Mqtt_Subscribe                         0x08001ab8   Section        0  mqtt_drv.o(i.Mqtt_Subscribe)
    i.My_USART1                              0x08001b70   Section        0  my_usart1.o(i.My_USART1)
    i.My_USART2                              0x08001bfc   Section        0  my_usart2.o(i.My_USART2)
    i.NMEA_Comma_Pos                         0x08001c88   Section        0  gps.o(i.NMEA_Comma_Pos)
    i.NMEA_GNRMC_Analysis                    0x08001cbc   Section        0  gps.o(i.NMEA_GNRMC_Analysis)
    i.NMEA_Pow                               0x08001e38   Section        0  gps.o(i.NMEA_Pow)
    i.NMEA_Str2num                           0x08001e4e   Section        0  gps.o(i.NMEA_Str2num)
    i.NMI_Handler                            0x08001f38   Section        0  stm32f10x_it.o(i.NMI_Handler)
    i.NVIC_Config                            0x08001f3a   Section        0  sys.o(i.NVIC_Config)
    i.NVIC_Init                              0x08001f9c   Section        0  misc.o(i.NVIC_Init)
    i.NVIC_PriorityGroupConfig               0x0800200c   Section        0  misc.o(i.NVIC_PriorityGroupConfig)
    i.NVIC_SetPriority                       0x08002020   Section        0  delay.o(i.NVIC_SetPriority)
    NVIC_SetPriority                         0x08002021   Thumb Code    32  delay.o(i.NVIC_SetPriority)
    i.OLED_Set_Pos                           0x08002048   Section        0  bsp_oled_iic.o(i.OLED_Set_Pos)
    i.OLED_ShowChar                          0x08002070   Section        0  bsp_oled_iic.o(i.OLED_ShowChar)
    i.OLED_ShowDNum                          0x08002114   Section        0  bsp_oled_iic.o(i.OLED_ShowDNum)
    i.OLED_ShowFNum                          0x08002154   Section        0  bsp_oled_iic.o(i.OLED_ShowFNum)
    i.OLED_WR_Byte                           0x080021a4   Section        0  bsp_oled_iic.o(i.OLED_WR_Byte)
    i.PendSV_Handler                         0x080021d0   Section        0  stm32f10x_it.o(i.PendSV_Handler)
    i.RCC_APB1PeriphClockCmd                 0x080021d4   Section        0  stm32f10x_rcc.o(i.RCC_APB1PeriphClockCmd)
    i.RCC_APB2PeriphClockCmd                 0x080021f4   Section        0  stm32f10x_rcc.o(i.RCC_APB2PeriphClockCmd)
    i.RCC_GetClocksFreq                      0x08002214   Section        0  stm32f10x_rcc.o(i.RCC_GetClocksFreq)
    i.SVC_Handler                            0x080022e8   Section        0  stm32f10x_it.o(i.SVC_Handler)
    i.Scheduled                              0x080022ec   Section        0  esp8266_drv.o(i.Scheduled)
    i.SetSysClock                            0x0800233c   Section        0  system_stm32f10x.o(i.SetSysClock)
    SetSysClock                              0x0800233d   Thumb Code     8  system_stm32f10x.o(i.SetSysClock)
    i.SetSysClockTo72                        0x08002344   Section        0  system_stm32f10x.o(i.SetSysClockTo72)
    SetSysClockTo72                          0x08002345   Thumb Code   214  system_stm32f10x.o(i.SetSysClockTo72)
    i.Shake_GetValue                         0x08002424   Section        0  shake.o(i.Shake_GetValue)
    i.Shake_Init                             0x08002434   Section        0  shake.o(i.Shake_Init)
    i.Short_Beep                             0x08002458   Section        0  bsp_beep.o(i.Short_Beep)
    i.Single_Write                           0x08002478   Section        0  bsp_oled_iic.o(i.Single_Write)
    i.SysTick_Handler                        0x080024c0   Section        0  stm32f10x_it.o(i.SysTick_Handler)
    i.SystemInit                             0x080024d0   Section        0  system_stm32f10x.o(i.SystemInit)
    i.TIM2_IRQHandler                        0x08002530   Section        0  time2.o(i.TIM2_IRQHandler)
    i.TIM2_Init                              0x08002578   Section        0  time2.o(i.TIM2_Init)
    i.TIM_ClearITPendingBit                  0x080025ba   Section        0  stm32f10x_tim.o(i.TIM_ClearITPendingBit)
    i.TIM_Cmd                                0x080025c0   Section        0  stm32f10x_tim.o(i.TIM_Cmd)
    i.TIM_GetITStatus                        0x080025d8   Section        0  stm32f10x_tim.o(i.TIM_GetITStatus)
    i.TIM_ITConfig                           0x080025fa   Section        0  stm32f10x_tim.o(i.TIM_ITConfig)
    i.TIM_TimeBaseInit                       0x0800260c   Section        0  stm32f10x_tim.o(i.TIM_TimeBaseInit)
    i.Threshold_Init                         0x080026b0   Section        0  bridgeflash.o(i.Threshold_Init)
    i.Topic_Display                          0x080026ec   Section        0  esp8266_drv.o(i.Topic_Display)
    i.USART1_IRQHandler                      0x08002738   Section        0  my_usart1.o(i.USART1_IRQHandler)
    i.USART2_IRQHandler                      0x08002798   Section        0  esp8266_drv.o(i.USART2_IRQHandler)
    i.USART_ClearFlag                        0x080027a8   Section        0  stm32f10x_usart.o(i.USART_ClearFlag)
    i.USART_ClearITPendingBit                0x080027ba   Section        0  stm32f10x_usart.o(i.USART_ClearITPendingBit)
    i.USART_Cmd                              0x080027d8   Section        0  stm32f10x_usart.o(i.USART_Cmd)
    i.USART_GetITStatus                      0x080027f0   Section        0  stm32f10x_usart.o(i.USART_GetITStatus)
    i.USART_ITConfig                         0x08002844   Section        0  stm32f10x_usart.o(i.USART_ITConfig)
    i.USART_Init                             0x08002890   Section        0  stm32f10x_usart.o(i.USART_Init)
    i.USART_ReceiveData                      0x08002968   Section        0  stm32f10x_usart.o(i.USART_ReceiveData)
    i.USART_rcv_ch                           0x08002972   Section        0  esp8266_drv.o(i.USART_rcv_ch)
    i.USARTx_RCVHandler                      0x08002998   Section        0  esp8266_drv.o(i.USARTx_RCVHandler)
    i.UsageFault_Handler                     0x080029d0   Section        0  stm32f10x_it.o(i.UsageFault_Handler)
    i.WIFI_RESET_init                        0x080029d4   Section        0  esp8266_drv.o(i.WIFI_RESET_init)
    i.__0sprintf                             0x08002a00   Section        0  printfa.o(i.__0sprintf)
    i.__scatterload_copy                     0x08002a28   Section       14  handlers.o(i.__scatterload_copy)
    i.__scatterload_null                     0x08002a36   Section        2  handlers.o(i.__scatterload_null)
    i.__scatterload_zeroinit                 0x08002a38   Section       14  handlers.o(i.__scatterload_zeroinit)
    i._fp_digits                             0x08002a48   Section        0  printfa.o(i._fp_digits)
    _fp_digits                               0x08002a49   Thumb Code   366  printfa.o(i._fp_digits)
    i._printf_core                           0x08002bcc   Section        0  printfa.o(i._printf_core)
    _printf_core                             0x08002bcd   Thumb Code  1744  printfa.o(i._printf_core)
    i._printf_post_padding                   0x080032a8   Section        0  printfa.o(i._printf_post_padding)
    _printf_post_padding                     0x080032a9   Thumb Code    36  printfa.o(i._printf_post_padding)
    i._printf_pre_padding                    0x080032cc   Section        0  printfa.o(i._printf_pre_padding)
    _printf_pre_padding                      0x080032cd   Thumb Code    46  printfa.o(i._printf_pre_padding)
    i._sputc                                 0x080032fa   Section        0  printfa.o(i._sputc)
    _sputc                                   0x080032fb   Thumb Code    10  printfa.o(i._sputc)
    i.delay5ms                               0x08003304   Section        0  bsp_oled_iic.o(i.delay5ms)
    delay5ms                                 0x08003305   Thumb Code    12  bsp_oled_iic.o(i.delay5ms)
    i.delay_init                             0x08003310   Section        0  delay.o(i.delay_init)
    i.delay_ms                               0x080033cc   Section        0  delay.o(i.delay_ms)
    i.get_gps                                0x080033d8   Section        0  gps.o(i.get_gps)
    i.get_round_num                          0x08003440   Section        0  esp8266_drv.o(i.get_round_num)
    i.get_sys_tick                           0x08003514   Section        0  esp8266_drv.o(i.get_sys_tick)
    i.main                                   0x08003520   Section        0  main.o(i.main)
    i.mqttPublic                             0x08003588   Section        0  esp8266_drv.o(i.mqttPublic)
    i.mqtt_Content                           0x08003610   Section        0  mqtt_drv.o(i.mqtt_Content)
    i.mqtt_DealCmdSet                        0x0800378c   Section        0  mqtt_drv.o(i.mqtt_DealCmdSet)
    i.mqtt_DealTxData                        0x080037ac   Section        0  mqtt_drv.o(i.mqtt_DealTxData)
    i.mqtt_Dealsetdata_Qs0                   0x080037e8   Section        0  mqtt_drv.o(i.mqtt_Dealsetdata_Qs0)
    i.mqtt_Ping                              0x08003848   Section        0  mqtt_drv.o(i.mqtt_Ping)
    i.mqtt_PublishQs0                        0x08003864   Section        0  mqtt_drv.o(i.mqtt_PublishQs0)
    i.mqtt_TxData                            0x08003914   Section        0  mqtt_drv.o(i.mqtt_TxData)
    i.oled_Clear                             0x08003936   Section        0  bsp_oled_iic.o(i.oled_Clear)
    i.oled_Init                              0x08003974   Section        0  bsp_oled_iic.o(i.oled_Init)
    i.oled_ShowCHinese                       0x08003ab8   Section        0  bsp_oled_iic.o(i.oled_ShowCHinese)
    i.oled_ShowString                        0x08003b20   Section        0  bsp_oled_iic.o(i.oled_ShowString)
    i.period_get_server                      0x08003b5c   Section        0  mqtt_drv.o(i.period_get_server)
    i.read_config                            0x08003bd8   Section        0  bridgeflash.o(i.read_config)
    i.send_data_to_dev                       0x08003bf0   Section        0  esp8266_drv.o(i.send_data_to_dev)
    i.write_cmd                              0x08003c28   Section        0  esp8266_drv.o(i.write_cmd)
    i.write_config                           0x08003cd8   Section        0  bridgeflash.o(i.write_config)
    .constdata                               0x08003cf0   Section     8768  bsp_oled_iic.o(.constdata)
    F6x8                                     0x08003cf0   Data         552  bsp_oled_iic.o(.constdata)
    F8X16                                    0x08003f18   Data        1520  bsp_oled_iic.o(.constdata)
    Hzk                                      0x08004508   Data        6656  bsp_oled_iic.o(.constdata)
    .data                                    0x20000000   Section        4  main.o(.data)
    .data                                    0x20000004   Section       18  menu.o(.data)
    First_ShakeCount_Time                    0x20000008   Data           4  menu.o(.data)
    IntervalTime                             0x2000000c   Data           4  menu.o(.data)
    Execution_Time                           0x20000010   Data           4  menu.o(.data)
    Alarm_ShakeCount                         0x20000014   Data           1  menu.o(.data)
    Current_ShakeCount                       0x20000015   Data           1  menu.o(.data)
    .data                                    0x20000016   Section        1  time2.o(.data)
    .data                                    0x20000018   Section        2  my_usart1.o(.data)
    .data                                    0x2000001a   Section        1  bsp_oled_iic.o(.data)
    .data                                    0x2000001c   Section        4  delay.o(.data)
    .data                                    0x20000020   Section       12  key.o(.data)
    keyCount                                 0x20000024   Data           4  key.o(.data)
    keyState                                 0x20000028   Data           4  key.o(.data)
    .data                                    0x2000002c   Section     2232  esp8266_drv.o(.data)
    reset_start_cnt                          0x200008d0   Data           4  esp8266_drv.o(.data)
    reset_stu                                0x200008d4   Data           1  esp8266_drv.o(.data)
    last_mqtt_heart_cnt                      0x200008d8   Data           4  esp8266_drv.o(.data)
    last_subscirbe_tick                      0x200008dc   Data           4  esp8266_drv.o(.data)
    mqtt_pub_cnt                             0x200008e0   Data           4  esp8266_drv.o(.data)
    .data                                    0x200008e4   Section       53  mqtt_drv.o(.data)
    .data                                    0x2000091c   Section       20  system_stm32f10x.o(.data)
    .data                                    0x20000930   Section       20  stm32f10x_rcc.o(.data)
    APBAHBPrescTable                         0x20000930   Data          16  stm32f10x_rcc.o(.data)
    ADCPrescTable                            0x20000940   Data           4  stm32f10x_rcc.o(.data)
    .bss                                     0x20000944   Section       12  main.o(.bss)
    .bss                                     0x20000950   Section      512  bridgeflash.o(.bss)
    .bss                                     0x20000b50   Section      656  my_usart1.o(.bss)
    .bss                                     0x20000de0   Section       16  led.o(.bss)
    .bss                                     0x20000df0   Section      388  esp8266_drv.o(.bss)
    .bss                                     0x20000f74   Section     3610  mqtt_drv.o(.bss)
    .bss                                     0x20001d90   Section       26  gps.o(.bss)
    STACK                                    0x20001db0   Section     1024  startup_stm32f10x_md.o(STACK)

    Global Symbols

    Symbol Name                              Value     Ov Type        Size  Object(Section)

    BuildAttributes$$THM_ISAv4$P$D$K$B$S$PE$A:L22UL41UL21$X:L11$S22US41US21$IEEE1$IW$USESV6$~STKCKD$USESV7$~SHL$OTIME$ROPI$EBA8$MICROLIB$REQ8$PRES8$EABIv2 0x00000000   Number         0  anon$$obj.o ABSOLUTE
    __ARM_use_no_argv                        0x00000000   Number         0  main.o ABSOLUTE
    _printf_a                                0x00000000   Number         0  stubs.o ABSOLUTE
    _printf_c                                0x00000000   Number         0  stubs.o ABSOLUTE
    _printf_charcount                        0x00000000   Number         0  stubs.o ABSOLUTE
    _printf_d                                0x00000000   Number         0  stubs.o ABSOLUTE
    _printf_e                                0x00000000   Number         0  stubs.o ABSOLUTE
    _printf_f                                0x00000000   Number         0  stubs.o ABSOLUTE
    _printf_flags                            0x00000000   Number         0  stubs.o ABSOLUTE
    _printf_fp_dec                           0x00000000   Number         0  stubs.o ABSOLUTE
    _printf_fp_hex                           0x00000000   Number         0  stubs.o ABSOLUTE
    _printf_g                                0x00000000   Number         0  stubs.o ABSOLUTE
    _printf_i                                0x00000000   Number         0  stubs.o ABSOLUTE
    _printf_int_dec                          0x00000000   Number         0  stubs.o ABSOLUTE
    _printf_l                                0x00000000   Number         0  stubs.o ABSOLUTE
    _printf_lc                               0x00000000   Number         0  stubs.o ABSOLUTE
    _printf_ll                               0x00000000   Number         0  stubs.o ABSOLUTE
    _printf_lld                              0x00000000   Number         0  stubs.o ABSOLUTE
    _printf_lli                              0x00000000   Number         0  stubs.o ABSOLUTE
    _printf_llo                              0x00000000   Number         0  stubs.o ABSOLUTE
    _printf_llu                              0x00000000   Number         0  stubs.o ABSOLUTE
    _printf_llx                              0x00000000   Number         0  stubs.o ABSOLUTE
    _printf_longlong_dec                     0x00000000   Number         0  stubs.o ABSOLUTE
    _printf_longlong_hex                     0x00000000   Number         0  stubs.o ABSOLUTE
    _printf_longlong_oct                     0x00000000   Number         0  stubs.o ABSOLUTE
    _printf_ls                               0x00000000   Number         0  stubs.o ABSOLUTE
    _printf_mbtowc                           0x00000000   Number         0  stubs.o ABSOLUTE
    _printf_n                                0x00000000   Number         0  stubs.o ABSOLUTE
    _printf_o                                0x00000000   Number         0  stubs.o ABSOLUTE
    _printf_p                                0x00000000   Number         0  stubs.o ABSOLUTE
    _printf_percent                          0x00000000   Number         0  stubs.o ABSOLUTE
    _printf_pre_padding                      0x00000000   Number         0  stubs.o ABSOLUTE
    _printf_return_value                     0x00000000   Number         0  stubs.o ABSOLUTE
    _printf_s                                0x00000000   Number         0  stubs.o ABSOLUTE
    _printf_sizespec                         0x00000000   Number         0  stubs.o ABSOLUTE
    _printf_str                              0x00000000   Number         0  stubs.o ABSOLUTE
    _printf_truncate_signed                  0x00000000   Number         0  stubs.o ABSOLUTE
    _printf_truncate_unsigned                0x00000000   Number         0  stubs.o ABSOLUTE
    _printf_u                                0x00000000   Number         0  stubs.o ABSOLUTE
    _printf_wc                               0x00000000   Number         0  stubs.o ABSOLUTE
    _printf_wctomb                           0x00000000   Number         0  stubs.o ABSOLUTE
    _printf_widthprec                        0x00000000   Number         0  stubs.o ABSOLUTE
    _printf_x                                0x00000000   Number         0  stubs.o ABSOLUTE
    __cpp_initialize__aeabi_                  - Undefined Weak Reference
    __cxa_finalize                            - Undefined Weak Reference
    _clock_init                               - Undefined Weak Reference
    _microlib_exit                            - Undefined Weak Reference
    __Vectors_Size                           0x000000ec   Number         0  startup_stm32f10x_md.o ABSOLUTE
    __Vectors                                0x08000000   Data           4  startup_stm32f10x_md.o(RESET)
    __Vectors_End                            0x080000ec   Data           0  startup_stm32f10x_md.o(RESET)
    __main                                   0x080000ed   Thumb Code     0  entry.o(.ARM.Collect$$$$00000000)
    _main_stk                                0x080000ed   Thumb Code     0  entry2.o(.ARM.Collect$$$$00000001)
    _main_scatterload                        0x080000f1   Thumb Code     0  entry5.o(.ARM.Collect$$$$00000004)
    __main_after_scatterload                 0x080000f5   Thumb Code     0  entry5.o(.ARM.Collect$$$$00000004)
    _main_clock                              0x080000f5   Thumb Code     0  entry7b.o(.ARM.Collect$$$$00000008)
    _main_cpp_init                           0x080000f5   Thumb Code     0  entry8b.o(.ARM.Collect$$$$0000000A)
    _main_init                               0x080000f5   Thumb Code     0  entry9a.o(.ARM.Collect$$$$0000000B)
    __rt_final_cpp                           0x080000fd   Thumb Code     0  entry10a.o(.ARM.Collect$$$$0000000D)
    __rt_final_exit                          0x080000fd   Thumb Code     0  entry11a.o(.ARM.Collect$$$$0000000F)
    Reset_Handler                            0x08000101   Thumb Code     8  startup_stm32f10x_md.o(.text)
    ADC1_2_IRQHandler                        0x0800011b   Thumb Code     0  startup_stm32f10x_md.o(.text)
    CAN1_RX1_IRQHandler                      0x0800011b   Thumb Code     0  startup_stm32f10x_md.o(.text)
    CAN1_SCE_IRQHandler                      0x0800011b   Thumb Code     0  startup_stm32f10x_md.o(.text)
    DMA1_Channel1_IRQHandler                 0x0800011b   Thumb Code     0  startup_stm32f10x_md.o(.text)
    DMA1_Channel2_IRQHandler                 0x0800011b   Thumb Code     0  startup_stm32f10x_md.o(.text)
    DMA1_Channel3_IRQHandler                 0x0800011b   Thumb Code     0  startup_stm32f10x_md.o(.text)
    DMA1_Channel4_IRQHandler                 0x0800011b   Thumb Code     0  startup_stm32f10x_md.o(.text)
    DMA1_Channel5_IRQHandler                 0x0800011b   Thumb Code     0  startup_stm32f10x_md.o(.text)
    DMA1_Channel6_IRQHandler                 0x0800011b   Thumb Code     0  startup_stm32f10x_md.o(.text)
    DMA1_Channel7_IRQHandler                 0x0800011b   Thumb Code     0  startup_stm32f10x_md.o(.text)
    EXTI0_IRQHandler                         0x0800011b   Thumb Code     0  startup_stm32f10x_md.o(.text)
    EXTI15_10_IRQHandler                     0x0800011b   Thumb Code     0  startup_stm32f10x_md.o(.text)
    EXTI1_IRQHandler                         0x0800011b   Thumb Code     0  startup_stm32f10x_md.o(.text)
    EXTI2_IRQHandler                         0x0800011b   Thumb Code     0  startup_stm32f10x_md.o(.text)
    EXTI3_IRQHandler                         0x0800011b   Thumb Code     0  startup_stm32f10x_md.o(.text)
    EXTI4_IRQHandler                         0x0800011b   Thumb Code     0  startup_stm32f10x_md.o(.text)
    EXTI9_5_IRQHandler                       0x0800011b   Thumb Code     0  startup_stm32f10x_md.o(.text)
    FLASH_IRQHandler                         0x0800011b   Thumb Code     0  startup_stm32f10x_md.o(.text)
    I2C1_ER_IRQHandler                       0x0800011b   Thumb Code     0  startup_stm32f10x_md.o(.text)
    I2C1_EV_IRQHandler                       0x0800011b   Thumb Code     0  startup_stm32f10x_md.o(.text)
    I2C2_ER_IRQHandler                       0x0800011b   Thumb Code     0  startup_stm32f10x_md.o(.text)
    I2C2_EV_IRQHandler                       0x0800011b   Thumb Code     0  startup_stm32f10x_md.o(.text)
    PVD_IRQHandler                           0x0800011b   Thumb Code     0  startup_stm32f10x_md.o(.text)
    RCC_IRQHandler                           0x0800011b   Thumb Code     0  startup_stm32f10x_md.o(.text)
    RTCAlarm_IRQHandler                      0x0800011b   Thumb Code     0  startup_stm32f10x_md.o(.text)
    RTC_IRQHandler                           0x0800011b   Thumb Code     0  startup_stm32f10x_md.o(.text)
    SPI1_IRQHandler                          0x0800011b   Thumb Code     0  startup_stm32f10x_md.o(.text)
    SPI2_IRQHandler                          0x0800011b   Thumb Code     0  startup_stm32f10x_md.o(.text)
    TAMPER_IRQHandler                        0x0800011b   Thumb Code     0  startup_stm32f10x_md.o(.text)
    TIM1_BRK_IRQHandler                      0x0800011b   Thumb Code     0  startup_stm32f10x_md.o(.text)
    TIM1_CC_IRQHandler                       0x0800011b   Thumb Code     0  startup_stm32f10x_md.o(.text)
    TIM1_TRG_COM_IRQHandler                  0x0800011b   Thumb Code     0  startup_stm32f10x_md.o(.text)
    TIM1_UP_IRQHandler                       0x0800011b   Thumb Code     0  startup_stm32f10x_md.o(.text)
    TIM3_IRQHandler                          0x0800011b   Thumb Code     0  startup_stm32f10x_md.o(.text)
    TIM4_IRQHandler                          0x0800011b   Thumb Code     0  startup_stm32f10x_md.o(.text)
    USART3_IRQHandler                        0x0800011b   Thumb Code     0  startup_stm32f10x_md.o(.text)
    USBWakeUp_IRQHandler                     0x0800011b   Thumb Code     0  startup_stm32f10x_md.o(.text)
    USB_HP_CAN1_TX_IRQHandler                0x0800011b   Thumb Code     0  startup_stm32f10x_md.o(.text)
    USB_LP_CAN1_RX0_IRQHandler               0x0800011b   Thumb Code     0  startup_stm32f10x_md.o(.text)
    WWDG_IRQHandler                          0x0800011b   Thumb Code     0  startup_stm32f10x_md.o(.text)
    __aeabi_memcpy                           0x08000125   Thumb Code    36  memcpya.o(.text)
    __aeabi_memcpy4                          0x08000125   Thumb Code     0  memcpya.o(.text)
    __aeabi_memcpy8                          0x08000125   Thumb Code     0  memcpya.o(.text)
    __aeabi_memset                           0x08000149   Thumb Code    14  memseta.o(.text)
    __aeabi_memset4                          0x08000149   Thumb Code     0  memseta.o(.text)
    __aeabi_memset8                          0x08000149   Thumb Code     0  memseta.o(.text)
    __aeabi_memclr                           0x08000157   Thumb Code     4  memseta.o(.text)
    __aeabi_memclr4                          0x08000157   Thumb Code     0  memseta.o(.text)
    __aeabi_memclr8                          0x08000157   Thumb Code     0  memseta.o(.text)
    _memset$wrapper                          0x0800015b   Thumb Code    18  memseta.o(.text)
    strstr                                   0x0800016d   Thumb Code    36  strstr.o(.text)
    strlen                                   0x08000191   Thumb Code    14  strlen.o(.text)
    __aeabi_fadd                             0x0800019f   Thumb Code   164  fadd.o(.text)
    __aeabi_fsub                             0x08000243   Thumb Code     6  fadd.o(.text)
    __aeabi_frsub                            0x08000249   Thumb Code     6  fadd.o(.text)
    __aeabi_fmul                             0x0800024f   Thumb Code   100  fmul.o(.text)
    __aeabi_fdiv                             0x080002b3   Thumb Code   124  fdiv.o(.text)
    __aeabi_ui2f                             0x0800032f   Thumb Code    10  ffltui.o(.text)
    __aeabi_f2uiz                            0x08000339   Thumb Code    40  ffixui.o(.text)
    __aeabi_f2d                              0x08000361   Thumb Code    38  f2d.o(.text)
    __aeabi_uidiv                            0x08000387   Thumb Code     0  uidiv.o(.text)
    __aeabi_uidivmod                         0x08000387   Thumb Code    44  uidiv.o(.text)
    __aeabi_uldivmod                         0x080003b3   Thumb Code    98  uldiv.o(.text)
    __I$use$fp                               0x08000415   Thumb Code     0  iusefp.o(.text)
    _float_round                             0x08000415   Thumb Code    18  fepilogue.o(.text)
    _float_epilogue                          0x08000427   Thumb Code    92  fepilogue.o(.text)
    __aeabi_dadd                             0x08000483   Thumb Code   322  dadd.o(.text)
    __aeabi_dsub                             0x080005c5   Thumb Code     6  dadd.o(.text)
    __aeabi_drsub                            0x080005cb   Thumb Code     6  dadd.o(.text)
    __aeabi_dmul                             0x080005d1   Thumb Code   228  dmul.o(.text)
    __aeabi_ddiv                             0x080006b5   Thumb Code   222  ddiv.o(.text)
    __aeabi_d2ulz                            0x08000793   Thumb Code    48  dfixul.o(.text)
    __aeabi_cdrcmple                         0x080007c5   Thumb Code    48  cdrcmple.o(.text)
    __scatterload                            0x080007f5   Thumb Code    28  init.o(.text)
    __scatterload_rt2                        0x080007f5   Thumb Code     0  init.o(.text)
    __aeabi_llsl                             0x08000819   Thumb Code    30  llshl.o(.text)
    _ll_shift_l                              0x08000819   Thumb Code     0  llshl.o(.text)
    __aeabi_llsr                             0x08000837   Thumb Code    32  llushr.o(.text)
    _ll_ushift_r                             0x08000837   Thumb Code     0  llushr.o(.text)
    __aeabi_lasr                             0x08000857   Thumb Code    36  llsshr.o(.text)
    _ll_sshift_r                             0x08000857   Thumb Code     0  llsshr.o(.text)
    _double_round                            0x0800087b   Thumb Code    30  depilogue.o(.text)
    _double_epilogue                         0x08000899   Thumb Code   156  depilogue.o(.text)
    __decompress                             0x08000935   Thumb Code     0  __dczerorl2.o(.text)
    __decompress1                            0x08000935   Thumb Code    86  __dczerorl2.o(.text)
    Action                                   0x0800098d   Thumb Code    86  menu.o(i.Action)
    Ali_MsessageInit                         0x080009f1   Thumb Code    98  mqtt_drv.o(i.Ali_MsessageInit)
    Anti_theft_mode                          0x08000a75   Thumb Code   302  menu.o(i.Anti_theft_mode)
    Automatic                                0x08000bd1   Thumb Code    32  menu.o(i.Automatic)
    BdgFlashInit                             0x08000bf9   Thumb Code    30  bridgeflash.o(i.BdgFlashInit)
    Beep_Init                                0x08000c19   Thumb Code    50  bsp_beep.o(i.Beep_Init)
    BusFault_Handler                         0x08000c51   Thumb Code     4  stm32f10x_it.o(i.BusFault_Handler)
    DebugMon_Handler                         0x08000c55   Thumb Code     2  stm32f10x_it.o(i.DebugMon_Handler)
    Delay_1ms                                0x08000c57   Thumb Code    26  bsp_oled_iic.o(i.Delay_1ms)
    Display                                  0x08000c71   Thumb Code   278  menu.o(i.Display)
    ESP8266_reset                            0x08000da9   Thumb Code   114  esp8266_drv.o(i.ESP8266_reset)
    ESP8266_run_handle                       0x08000e29   Thumb Code   302  esp8266_drv.o(i.ESP8266_run_handle)
    FLASH_ClearFlag                          0x08000fdd   Thumb Code     6  stm32f10x_flash.o(i.FLASH_ClearFlag)
    FLASH_ErasePage                          0x08000fe9   Thumb Code    72  stm32f10x_flash.o(i.FLASH_ErasePage)
    FLASH_ErasePage_user                     0x08001035   Thumb Code    42  bridgeflash.o(i.FLASH_ErasePage_user)
    FLASH_GetBank1Status                     0x08001061   Thumb Code    48  stm32f10x_flash.o(i.FLASH_GetBank1Status)
    FLASH_Lock                               0x08001095   Thumb Code    14  stm32f10x_flash.o(i.FLASH_Lock)
    FLASH_ProgramHalfWord                    0x080010a9   Thumb Code    60  stm32f10x_flash.o(i.FLASH_ProgramHalfWord)
    FLASH_ReadData                           0x080010e9   Thumb Code    26  bridgeflash.o(i.FLASH_ReadData)
    FLASH_Unlock                             0x08001105   Thumb Code    12  stm32f10x_flash.o(i.FLASH_Unlock)
    FLASH_WaitForLastOperation               0x0800111d   Thumb Code    38  stm32f10x_flash.o(i.FLASH_WaitForLastOperation)
    FLASH_WriteData                          0x08001143   Thumb Code    76  bridgeflash.o(i.FLASH_WriteData)
    GPIO_Init                                0x0800118f   Thumb Code   278  stm32f10x_gpio.o(i.GPIO_Init)
    GPIO_ReadInputDataBit                    0x080012a5   Thumb Code    18  stm32f10x_gpio.o(i.GPIO_ReadInputDataBit)
    GPIO_ResetBits                           0x080012b7   Thumb Code     4  stm32f10x_gpio.o(i.GPIO_ResetBits)
    GPIO_SetBits                             0x080012bb   Thumb Code     4  stm32f10x_gpio.o(i.GPIO_SetBits)
    HAL_Delay                                0x080012bf   Thumb Code    26  delay.o(i.HAL_Delay)
    HAL_GetTick                              0x080012d9   Thumb Code     6  delay.o(i.HAL_GetTick)
    HardFault_Handler                        0x080012e5   Thumb Code     4  stm32f10x_it.o(i.HardFault_Handler)
    KEY_Init                                 0x0800144d   Thumb Code    58  key.o(i.KEY_Init)
    Key1Press                                0x0800148d   Thumb Code    14  key.o(i.Key1Press)
    Key2Press                                0x080014a1   Thumb Code    14  key.o(i.Key2Press)
    Key3Press                                0x080014b5   Thumb Code    14  key.o(i.Key3Press)
    Key4Press                                0x080014c9   Thumb Code    14  key.o(i.Key4Press)
    KeyScan                                  0x080014dd   Thumb Code   348  key.o(i.KeyScan)
    LED_GPIO_Config                          0x08001645   Thumb Code    62  led.o(i.LED_GPIO_Config)
    LED_SetBlinkMode                         0x08001689   Thumb Code   122  led.o(i.LED_SetBlinkMode)
    LED_Update                               0x0800170d   Thumb Code    96  led.o(i.LED_Update)
    MQTT_Buff_Init                           0x08001775   Thumb Code    34  mqtt_drv.o(i.MQTT_Buff_Init)
    MemManage_Handler                        0x080017b1   Thumb Code     4  stm32f10x_it.o(i.MemManage_Handler)
    Mode_selection                           0x080017b5   Thumb Code    16  menu.o(i.Mode_selection)
    MqttCon_Display                          0x080017c5   Thumb Code   104  esp8266_drv.o(i.MqttCon_Display)
    Mqtt_ConnectMessege                      0x08001865   Thumb Code   408  mqtt_drv.o(i.Mqtt_ConnectMessege)
    Mqtt_Parameter_init                      0x08001a19   Thumb Code   100  esp8266_drv.o(i.Mqtt_Parameter_init)
    Mqtt_Subscribe                           0x08001ab9   Thumb Code   178  mqtt_drv.o(i.Mqtt_Subscribe)
    My_USART1                                0x08001b71   Thumb Code   132  my_usart1.o(i.My_USART1)
    My_USART2                                0x08001bfd   Thumb Code   130  my_usart2.o(i.My_USART2)
    NMEA_Comma_Pos                           0x08001c89   Thumb Code    50  gps.o(i.NMEA_Comma_Pos)
    NMEA_GNRMC_Analysis                      0x08001cbd   Thumb Code   366  gps.o(i.NMEA_GNRMC_Analysis)
    NMEA_Pow                                 0x08001e39   Thumb Code    22  gps.o(i.NMEA_Pow)
    NMEA_Str2num                             0x08001e4f   Thumb Code   234  gps.o(i.NMEA_Str2num)
    NMI_Handler                              0x08001f39   Thumb Code     2  stm32f10x_it.o(i.NMI_Handler)
    NVIC_Config                              0x08001f3b   Thumb Code    96  sys.o(i.NVIC_Config)
    NVIC_Init                                0x08001f9d   Thumb Code   100  misc.o(i.NVIC_Init)
    NVIC_PriorityGroupConfig                 0x0800200d   Thumb Code    10  misc.o(i.NVIC_PriorityGroupConfig)
    OLED_Set_Pos                             0x08002049   Thumb Code    40  bsp_oled_iic.o(i.OLED_Set_Pos)
    OLED_ShowChar                            0x08002071   Thumb Code   154  bsp_oled_iic.o(i.OLED_ShowChar)
    OLED_ShowDNum                            0x08002115   Thumb Code    54  bsp_oled_iic.o(i.OLED_ShowDNum)
    OLED_ShowFNum                            0x08002155   Thumb Code    68  bsp_oled_iic.o(i.OLED_ShowFNum)
    OLED_WR_Byte                             0x080021a5   Thumb Code    40  bsp_oled_iic.o(i.OLED_WR_Byte)
    PendSV_Handler                           0x080021d1   Thumb Code     2  stm32f10x_it.o(i.PendSV_Handler)
    RCC_APB1PeriphClockCmd                   0x080021d5   Thumb Code    26  stm32f10x_rcc.o(i.RCC_APB1PeriphClockCmd)
    RCC_APB2PeriphClockCmd                   0x080021f5   Thumb Code    26  stm32f10x_rcc.o(i.RCC_APB2PeriphClockCmd)
    RCC_GetClocksFreq                        0x08002215   Thumb Code   192  stm32f10x_rcc.o(i.RCC_GetClocksFreq)
    SVC_Handler                              0x080022e9   Thumb Code     2  stm32f10x_it.o(i.SVC_Handler)
    Scheduled                                0x080022ed   Thumb Code    64  esp8266_drv.o(i.Scheduled)
    Shake_GetValue                           0x08002425   Thumb Code    12  shake.o(i.Shake_GetValue)
    Shake_Init                               0x08002435   Thumb Code    32  shake.o(i.Shake_Init)
    Short_Beep                               0x08002459   Thumb Code    28  bsp_beep.o(i.Short_Beep)
    Single_Write                             0x08002479   Thumb Code    70  bsp_oled_iic.o(i.Single_Write)
    SysTick_Handler                          0x080024c1   Thumb Code    12  stm32f10x_it.o(i.SysTick_Handler)
    SystemInit                               0x080024d1   Thumb Code    78  system_stm32f10x.o(i.SystemInit)
    TIM2_IRQHandler                          0x08002531   Thumb Code    58  time2.o(i.TIM2_IRQHandler)
    TIM2_Init                                0x08002579   Thumb Code    66  time2.o(i.TIM2_Init)
    TIM_ClearITPendingBit                    0x080025bb   Thumb Code     6  stm32f10x_tim.o(i.TIM_ClearITPendingBit)
    TIM_Cmd                                  0x080025c1   Thumb Code    24  stm32f10x_tim.o(i.TIM_Cmd)
    TIM_GetITStatus                          0x080025d9   Thumb Code    34  stm32f10x_tim.o(i.TIM_GetITStatus)
    TIM_ITConfig                             0x080025fb   Thumb Code    18  stm32f10x_tim.o(i.TIM_ITConfig)
    TIM_TimeBaseInit                         0x0800260d   Thumb Code   122  stm32f10x_tim.o(i.TIM_TimeBaseInit)
    Threshold_Init                           0x080026b1   Thumb Code    52  bridgeflash.o(i.Threshold_Init)
    Topic_Display                            0x080026ed   Thumb Code    54  esp8266_drv.o(i.Topic_Display)
    USART1_IRQHandler                        0x08002739   Thumb Code    82  my_usart1.o(i.USART1_IRQHandler)
    USART2_IRQHandler                        0x08002799   Thumb Code    10  esp8266_drv.o(i.USART2_IRQHandler)
    USART_ClearFlag                          0x080027a9   Thumb Code    18  stm32f10x_usart.o(i.USART_ClearFlag)
    USART_ClearITPendingBit                  0x080027bb   Thumb Code    30  stm32f10x_usart.o(i.USART_ClearITPendingBit)
    USART_Cmd                                0x080027d9   Thumb Code    24  stm32f10x_usart.o(i.USART_Cmd)
    USART_GetITStatus                        0x080027f1   Thumb Code    84  stm32f10x_usart.o(i.USART_GetITStatus)
    USART_ITConfig                           0x08002845   Thumb Code    74  stm32f10x_usart.o(i.USART_ITConfig)
    USART_Init                               0x08002891   Thumb Code   210  stm32f10x_usart.o(i.USART_Init)
    USART_ReceiveData                        0x08002969   Thumb Code    10  stm32f10x_usart.o(i.USART_ReceiveData)
    USART_rcv_ch                             0x08002973   Thumb Code    38  esp8266_drv.o(i.USART_rcv_ch)
    USARTx_RCVHandler                        0x08002999   Thumb Code    48  esp8266_drv.o(i.USARTx_RCVHandler)
    UsageFault_Handler                       0x080029d1   Thumb Code     4  stm32f10x_it.o(i.UsageFault_Handler)
    WIFI_RESET_init                          0x080029d5   Thumb Code    38  esp8266_drv.o(i.WIFI_RESET_init)
    __0sprintf                               0x08002a01   Thumb Code    34  printfa.o(i.__0sprintf)
    __1sprintf                               0x08002a01   Thumb Code     0  printfa.o(i.__0sprintf)
    __2sprintf                               0x08002a01   Thumb Code     0  printfa.o(i.__0sprintf)
    __c89sprintf                             0x08002a01   Thumb Code     0  printfa.o(i.__0sprintf)
    sprintf                                  0x08002a01   Thumb Code     0  printfa.o(i.__0sprintf)
    __scatterload_copy                       0x08002a29   Thumb Code    14  handlers.o(i.__scatterload_copy)
    __scatterload_null                       0x08002a37   Thumb Code     2  handlers.o(i.__scatterload_null)
    __scatterload_zeroinit                   0x08002a39   Thumb Code    14  handlers.o(i.__scatterload_zeroinit)
    delay_init                               0x08003311   Thumb Code   180  delay.o(i.delay_init)
    delay_ms                                 0x080033cd   Thumb Code    12  delay.o(i.delay_ms)
    get_gps                                  0x080033d9   Thumb Code    82  gps.o(i.get_gps)
    get_round_num                            0x08003441   Thumb Code   204  esp8266_drv.o(i.get_round_num)
    get_sys_tick                             0x08003515   Thumb Code     6  esp8266_drv.o(i.get_sys_tick)
    main                                     0x08003521   Thumb Code    94  main.o(i.main)
    mqttPublic                               0x08003589   Thumb Code    70  esp8266_drv.o(i.mqttPublic)
    mqtt_Content                             0x08003611   Thumb Code   296  mqtt_drv.o(i.mqtt_Content)
    mqtt_DealCmdSet                          0x0800378d   Thumb Code    24  mqtt_drv.o(i.mqtt_DealCmdSet)
    mqtt_DealTxData                          0x080037ad   Thumb Code    56  mqtt_drv.o(i.mqtt_DealTxData)
    mqtt_Dealsetdata_Qs0                     0x080037e9   Thumb Code    94  mqtt_drv.o(i.mqtt_Dealsetdata_Qs0)
    mqtt_Ping                                0x08003849   Thumb Code    22  mqtt_drv.o(i.mqtt_Ping)
    mqtt_PublishQs0                          0x08003865   Thumb Code   172  mqtt_drv.o(i.mqtt_PublishQs0)
    mqtt_TxData                              0x08003915   Thumb Code    34  mqtt_drv.o(i.mqtt_TxData)
    oled_Clear                               0x08003937   Thumb Code    62  bsp_oled_iic.o(i.oled_Clear)
    oled_Init                                0x08003975   Thumb Code   320  bsp_oled_iic.o(i.oled_Init)
    oled_ShowCHinese                         0x08003ab9   Thumb Code    98  bsp_oled_iic.o(i.oled_ShowCHinese)
    oled_ShowString                          0x08003b21   Thumb Code    58  bsp_oled_iic.o(i.oled_ShowString)
    period_get_server                        0x08003b5d   Thumb Code   108  mqtt_drv.o(i.period_get_server)
    read_config                              0x08003bd9   Thumb Code    16  bridgeflash.o(i.read_config)
    send_data_to_dev                         0x08003bf1   Thumb Code    52  esp8266_drv.o(i.send_data_to_dev)
    write_cmd                                0x08003c29   Thumb Code   168  esp8266_drv.o(i.write_cmd)
    write_config                             0x08003cd9   Thumb Code    16  bridgeflash.o(i.write_config)
    Region$$Table$$Base                      0x08005f30   Number         0  anon$$obj.o(Region$$Table)
    Region$$Table$$Limit                     0x08005f50   Number         0  anon$$obj.o(Region$$Table)
    System                                   0x20000000   Data           4  main.o(.data)
    mode_selection                           0x20000004   Data           1  menu.o(.data)
    displayFlag                              0x20000005   Data           1  menu.o(.data)
    ShakeCount                               0x20000016   Data           1  time2.o(.data)
    USART1_RX_STA                            0x20000018   Data           2  my_usart1.o(.data)
    OLED_IIC_stu                             0x2000001a   Data           1  bsp_oled_iic.o(.data)
    sysTickUptime                            0x2000001c   Data           4  delay.o(.data)
    isKey1                                   0x20000020   Data           1  key.o(.data)
    isKey2                                   0x20000021   Data           1  key.o(.data)
    isKey3                                   0x20000022   Data           1  key.o(.data)
    isKey4                                   0x20000023   Data           1  key.o(.data)
    strEsp8266_cmd                           0x2000002c   Data        2080  esp8266_drv.o(.data)
    ServerIP                                 0x2000084c   Data         128  esp8266_drv.o(.data)
    ServerPort                               0x200008cc   Data           4  esp8266_drv.o(.data)
    TEMIP_MAX                                0x200008e4   Data           1  mqtt_drv.o(.data)
    TEMIP_MIN                                0x200008e5   Data           1  mqtt_drv.o(.data)
    ConnectPack_flag                         0x200008e6   Data           1  mqtt_drv.o(.data)
    SubscribePack_flag                       0x200008e7   Data           1  mqtt_drv.o(.data)
    Ping_flag                                0x200008e8   Data           1  mqtt_drv.o(.data)
    sensorMax                                0x200008ec   Data           4  mqtt_drv.o(.data)
    ReadData                                 0x200008f0   Data           2  mqtt_drv.o(.data)
    tempx                                    0x200008f4   Data           4  mqtt_drv.o(.data)
    mqtt_RxInPtr                             0x200008f8   Data           4  mqtt_drv.o(.data)
    mqtt_RxOutPtr                            0x200008fc   Data           4  mqtt_drv.o(.data)
    mqtt_RxEndPtr                            0x20000900   Data           4  mqtt_drv.o(.data)
    dest                                     0x20000904   Data           5  mqtt_drv.o(.data)
    clientid_size                            0x2000090c   Data           4  mqtt_drv.o(.data)
    username_size                            0x20000910   Data           4  mqtt_drv.o(.data)
    passward_size                            0x20000914   Data           4  mqtt_drv.o(.data)
    is_new_CMD_rx                            0x20000918   Data           1  mqtt_drv.o(.data)
    SystemCoreClock                          0x2000091c   Data           4  system_stm32f10x.o(.data)
    AHBPrescTable                            0x20000920   Data          16  system_stm32f10x.o(.data)
    SensorData                               0x20000944   Data          12  main.o(.bss)
    strConfig_info                           0x20000950   Data         512  bridgeflash.o(.bss)
    USART1_RX_BUF                            0x20000b50   Data         400  my_usart1.o(.bss)
    USART1_TxBuff                            0x20000ce0   Data         256  my_usart1.o(.bss)
    Led_Controller                           0x20000de0   Data          16  led.o(.bss)
    strEsp8266_info                          0x20000df0   Data          16  esp8266_drv.o(.bss)
    strEsp8266_rcv                           0x20000e00   Data         264  esp8266_drv.o(.bss)
    strMqtt_Inof                             0x20000f08   Data         108  esp8266_drv.o(.bss)
    mqtt_buff                                0x20000f74   Data         400  mqtt_drv.o(.bss)
    str                                      0x20001104   Data          20  mqtt_drv.o(.bss)
    mqtt_RxBuf                               0x20001118   Data        1750  mqtt_drv.o(.bss)
    clientid                                 0x200017ee   Data         128  mqtt_drv.o(.bss)
    lex                                      0x2000186e   Data         256  mqtt_drv.o(.bss)
    username                                 0x2000196e   Data         128  mqtt_drv.o(.bss)
    passward                                 0x200019ee   Data         128  mqtt_drv.o(.bss)
    Tx_Buff                                  0x20001a6e   Data         400  mqtt_drv.o(.bss)
    CMD_rx_buff                              0x20001bfe   Data         400  mqtt_drv.o(.bss)
    GPS_Data                                 0x20001d90   Data          16  gps.o(.bss)
    gpsx                                     0x20001da0   Data          10  gps.o(.bss)
    __initial_sp                             0x200021b0   Data           0  startup_stm32f10x_md.o(STACK)



==============================================================================

Memory Map of the image

  Image Entry point : 0x080000ed

  Load Region LR_IROM1 (Base: 0x08000000, Size: 0x00006894, Max: 0x00010000, ABSOLUTE, COMPRESSED[0x00006004])

    Execution Region ER_IROM1 (Base: 0x08000000, Size: 0x00005f50, Max: 0x00010000, ABSOLUTE)

    Base Addr    Size         Type   Attr      Idx    E Section Name        Object

    0x08000000   0x000000ec   Data   RO         1095    RESET               startup_stm32f10x_md.o
    0x080000ec   0x00000000   Code   RO         4112  * .ARM.Collect$$$$00000000  mc_w.l(entry.o)
    0x080000ec   0x00000004   Code   RO         4398    .ARM.Collect$$$$00000001  mc_w.l(entry2.o)
    0x080000f0   0x00000004   Code   RO         4401    .ARM.Collect$$$$00000004  mc_w.l(entry5.o)
    0x080000f4   0x00000000   Code   RO         4403    .ARM.Collect$$$$00000008  mc_w.l(entry7b.o)
    0x080000f4   0x00000000   Code   RO         4405    .ARM.Collect$$$$0000000A  mc_w.l(entry8b.o)
    0x080000f4   0x00000008   Code   RO         4406    .ARM.Collect$$$$0000000B  mc_w.l(entry9a.o)
    0x080000fc   0x00000000   Code   RO         4408    .ARM.Collect$$$$0000000D  mc_w.l(entry10a.o)
    0x080000fc   0x00000000   Code   RO         4410    .ARM.Collect$$$$0000000F  mc_w.l(entry11a.o)
    0x080000fc   0x00000004   Code   RO         4399    .ARM.Collect$$$$00002712  mc_w.l(entry2.o)
    0x08000100   0x00000024   Code   RO         1096    .text               startup_stm32f10x_md.o
    0x08000124   0x00000024   Code   RO         4115    .text               mc_w.l(memcpya.o)
    0x08000148   0x00000024   Code   RO         4117    .text               mc_w.l(memseta.o)
    0x0800016c   0x00000024   Code   RO         4119    .text               mc_w.l(strstr.o)
    0x08000190   0x0000000e   Code   RO         4121    .text               mc_w.l(strlen.o)
    0x0800019e   0x000000b0   Code   RO         4386    .text               mf_w.l(fadd.o)
    0x0800024e   0x00000064   Code   RO         4388    .text               mf_w.l(fmul.o)
    0x080002b2   0x0000007c   Code   RO         4390    .text               mf_w.l(fdiv.o)
    0x0800032e   0x0000000a   Code   RO         4392    .text               mf_w.l(ffltui.o)
    0x08000338   0x00000028   Code   RO         4394    .text               mf_w.l(ffixui.o)
    0x08000360   0x00000026   Code   RO         4396    .text               mf_w.l(f2d.o)
    0x08000386   0x0000002c   Code   RO         4413    .text               mc_w.l(uidiv.o)
    0x080003b2   0x00000062   Code   RO         4415    .text               mc_w.l(uldiv.o)
    0x08000414   0x00000000   Code   RO         4417    .text               mc_w.l(iusefp.o)
    0x08000414   0x0000006e   Code   RO         4418    .text               mf_w.l(fepilogue.o)
    0x08000482   0x0000014e   Code   RO         4420    .text               mf_w.l(dadd.o)
    0x080005d0   0x000000e4   Code   RO         4422    .text               mf_w.l(dmul.o)
    0x080006b4   0x000000de   Code   RO         4424    .text               mf_w.l(ddiv.o)
    0x08000792   0x00000030   Code   RO         4426    .text               mf_w.l(dfixul.o)
    0x080007c2   0x00000002   PAD
    0x080007c4   0x00000030   Code   RO         4428    .text               mf_w.l(cdrcmple.o)
    0x080007f4   0x00000024   Code   RO         4430    .text               mc_w.l(init.o)
    0x08000818   0x0000001e   Code   RO         4432    .text               mc_w.l(llshl.o)
    0x08000836   0x00000020   Code   RO         4434    .text               mc_w.l(llushr.o)
    0x08000856   0x00000024   Code   RO         4436    .text               mc_w.l(llsshr.o)
    0x0800087a   0x000000ba   Code   RO         4438    .text               mf_w.l(depilogue.o)
    0x08000934   0x00000056   Code   RO         4448    .text               mc_w.l(__dczerorl2.o)
    0x0800098a   0x00000002   PAD
    0x0800098c   0x00000064   Code   RO          180    i.Action            menu.o
    0x080009f0   0x00000084   Code   RO          957    i.Ali_MsessageInit  mqtt_drv.o
    0x08000a74   0x0000015c   Code   RO          181    i.Anti_theft_mode   menu.o
    0x08000bd0   0x00000028   Code   RO          182    i.Automatic         menu.o
    0x08000bf8   0x0000001e   Code   RO          266    i.BdgFlashInit      bridgeflash.o
    0x08000c16   0x00000002   PAD
    0x08000c18   0x00000038   Code   RO          803    i.Beep_Init         bsp_beep.o
    0x08000c50   0x00000004   Code   RO          405    i.BusFault_Handler  stm32f10x_it.o
    0x08000c54   0x00000002   Code   RO          406    i.DebugMon_Handler  stm32f10x_it.o
    0x08000c56   0x0000001a   Code   RO          469    i.Delay_1ms         bsp_oled_iic.o
    0x08000c70   0x00000138   Code   RO          183    i.Display           menu.o
    0x08000da8   0x00000080   Code   RO          843    i.ESP8266_reset     esp8266_drv.o
    0x08000e28   0x000001b4   Code   RO          844    i.ESP8266_run_handle  esp8266_drv.o
    0x08000fdc   0x0000000c   Code   RO         1996    i.FLASH_ClearFlag   stm32f10x_flash.o
    0x08000fe8   0x0000004c   Code   RO         2001    i.FLASH_ErasePage   stm32f10x_flash.o
    0x08001034   0x0000002a   Code   RO          267    i.FLASH_ErasePage_user  bridgeflash.o
    0x0800105e   0x00000002   PAD
    0x08001060   0x00000034   Code   RO         2002    i.FLASH_GetBank1Status  stm32f10x_flash.o
    0x08001094   0x00000014   Code   RO         2011    i.FLASH_Lock        stm32f10x_flash.o
    0x080010a8   0x00000040   Code   RO         2014    i.FLASH_ProgramHalfWord  stm32f10x_flash.o
    0x080010e8   0x0000001a   Code   RO          268    i.FLASH_ReadData    bridgeflash.o
    0x08001102   0x00000002   PAD
    0x08001104   0x00000018   Code   RO         2019    i.FLASH_Unlock      stm32f10x_flash.o
    0x0800111c   0x00000026   Code   RO         2023    i.FLASH_WaitForLastOperation  stm32f10x_flash.o
    0x08001142   0x0000004c   Code   RO          269    i.FLASH_WriteData   bridgeflash.o
    0x0800118e   0x00000116   Code   RO         2296    i.GPIO_Init         stm32f10x_gpio.o
    0x080012a4   0x00000012   Code   RO         2300    i.GPIO_ReadInputDataBit  stm32f10x_gpio.o
    0x080012b6   0x00000004   Code   RO         2303    i.GPIO_ResetBits    stm32f10x_gpio.o
    0x080012ba   0x00000004   Code   RO         2304    i.GPIO_SetBits      stm32f10x_gpio.o
    0x080012be   0x0000001a   Code   RO          666    i.HAL_Delay         delay.o
    0x080012d8   0x0000000c   Code   RO          667    i.HAL_GetTick       delay.o
    0x080012e4   0x00000004   Code   RO          407    i.HardFault_Handler  stm32f10x_it.o
    0x080012e8   0x0000005c   Code   RO          473    i.I2C_SendByte      bsp_oled_iic.o
    0x08001344   0x00000060   Code   RO          474    i.I2C_Start         bsp_oled_iic.o
    0x080013a4   0x0000003c   Code   RO          475    i.I2C_Stop          bsp_oled_iic.o
    0x080013e0   0x0000005c   Code   RO          476    i.I2C_WaitAck       bsp_oled_iic.o
    0x0800143c   0x0000000e   Code   RO          477    i.I2C_delay         bsp_oled_iic.o
    0x0800144a   0x00000002   PAD
    0x0800144c   0x00000040   Code   RO          723    i.KEY_Init          key.o
    0x0800148c   0x00000014   Code   RO          724    i.Key1Press         key.o
    0x080014a0   0x00000014   Code   RO          725    i.Key2Press         key.o
    0x080014b4   0x00000014   Code   RO          726    i.Key3Press         key.o
    0x080014c8   0x00000014   Code   RO          727    i.Key4Press         key.o
    0x080014dc   0x00000168   Code   RO          728    i.KeyScan           key.o
    0x08001644   0x00000044   Code   RO          772    i.LED_GPIO_Config   led.o
    0x08001688   0x00000084   Code   RO          773    i.LED_SetBlinkMode  led.o
    0x0800170c   0x00000068   Code   RO          774    i.LED_Update        led.o
    0x08001774   0x0000003c   Code   RO          958    i.MQTT_Buff_Init    mqtt_drv.o
    0x080017b0   0x00000004   Code   RO          408    i.MemManage_Handler  stm32f10x_it.o
    0x080017b4   0x00000010   Code   RO          184    i.Mode_selection    menu.o
    0x080017c4   0x000000a0   Code   RO          845    i.MqttCon_Display   esp8266_drv.o
    0x08001864   0x000001b4   Code   RO          959    i.Mqtt_ConnectMessege  mqtt_drv.o
    0x08001a18   0x000000a0   Code   RO          846    i.Mqtt_Parameter_init  esp8266_drv.o
    0x08001ab8   0x000000b8   Code   RO          960    i.Mqtt_Subscribe    mqtt_drv.o
    0x08001b70   0x0000008c   Code   RO          328    i.My_USART1         my_usart1.o
    0x08001bfc   0x0000008c   Code   RO          373    i.My_USART2         my_usart2.o
    0x08001c88   0x00000032   Code   RO         1050    i.NMEA_Comma_Pos    gps.o
    0x08001cba   0x00000002   PAD
    0x08001cbc   0x0000017c   Code   RO         1051    i.NMEA_GNRMC_Analysis  gps.o
    0x08001e38   0x00000016   Code   RO         1052    i.NMEA_Pow          gps.o
    0x08001e4e   0x000000ea   Code   RO         1053    i.NMEA_Str2num      gps.o
    0x08001f38   0x00000002   Code   RO          409    i.NMI_Handler       stm32f10x_it.o
    0x08001f3a   0x00000060   Code   RO          227    i.NVIC_Config       sys.o
    0x08001f9a   0x00000002   PAD
    0x08001f9c   0x00000070   Code   RO         1145    i.NVIC_Init         misc.o
    0x0800200c   0x00000014   Code   RO         1146    i.NVIC_PriorityGroupConfig  misc.o
    0x08002020   0x00000028   Code   RO          668    i.NVIC_SetPriority  delay.o
    0x08002048   0x00000028   Code   RO          480    i.OLED_Set_Pos      bsp_oled_iic.o
    0x08002070   0x000000a4   Code   RO          481    i.OLED_ShowChar     bsp_oled_iic.o
    0x08002114   0x00000040   Code   RO          482    i.OLED_ShowDNum     bsp_oled_iic.o
    0x08002154   0x00000050   Code   RO          483    i.OLED_ShowFNum     bsp_oled_iic.o
    0x080021a4   0x0000002c   Code   RO          484    i.OLED_WR_Byte      bsp_oled_iic.o
    0x080021d0   0x00000002   Code   RO          410    i.PendSV_Handler    stm32f10x_it.o
    0x080021d2   0x00000002   PAD
    0x080021d4   0x00000020   Code   RO         2712    i.RCC_APB1PeriphClockCmd  stm32f10x_rcc.o
    0x080021f4   0x00000020   Code   RO         2714    i.RCC_APB2PeriphClockCmd  stm32f10x_rcc.o
    0x08002214   0x000000d4   Code   RO         2722    i.RCC_GetClocksFreq  stm32f10x_rcc.o
    0x080022e8   0x00000002   Code   RO          411    i.SVC_Handler       stm32f10x_it.o
    0x080022ea   0x00000002   PAD
    0x080022ec   0x00000050   Code   RO          847    i.Scheduled         esp8266_drv.o
    0x0800233c   0x00000008   Code   RO         1111    i.SetSysClock       system_stm32f10x.o
    0x08002344   0x000000e0   Code   RO         1112    i.SetSysClockTo72   system_stm32f10x.o
    0x08002424   0x00000010   Code   RO          823    i.Shake_GetValue    shake.o
    0x08002434   0x00000024   Code   RO          824    i.Shake_Init        shake.o
    0x08002458   0x00000020   Code   RO          804    i.Short_Beep        bsp_beep.o
    0x08002478   0x00000046   Code   RO          486    i.Single_Write      bsp_oled_iic.o
    0x080024be   0x00000002   PAD
    0x080024c0   0x00000010   Code   RO          412    i.SysTick_Handler   stm32f10x_it.o
    0x080024d0   0x00000060   Code   RO         1114    i.SystemInit        system_stm32f10x.o
    0x08002530   0x00000048   Code   RO          241    i.TIM2_IRQHandler   time2.o
    0x08002578   0x00000042   Code   RO          242    i.TIM2_Init         time2.o
    0x080025ba   0x00000006   Code   RO         3341    i.TIM_ClearITPendingBit  stm32f10x_tim.o
    0x080025c0   0x00000018   Code   RO         3346    i.TIM_Cmd           stm32f10x_tim.o
    0x080025d8   0x00000022   Code   RO         3367    i.TIM_GetITStatus   stm32f10x_tim.o
    0x080025fa   0x00000012   Code   RO         3371    i.TIM_ITConfig      stm32f10x_tim.o
    0x0800260c   0x000000a4   Code   RO         3417    i.TIM_TimeBaseInit  stm32f10x_tim.o
    0x080026b0   0x0000003c   Code   RO          270    i.Threshold_Init    bridgeflash.o
    0x080026ec   0x0000004c   Code   RO          848    i.Topic_Display     esp8266_drv.o
    0x08002738   0x00000060   Code   RO          329    i.USART1_IRQHandler  my_usart1.o
    0x08002798   0x00000010   Code   RO          849    i.USART2_IRQHandler  esp8266_drv.o
    0x080027a8   0x00000012   Code   RO         3878    i.USART_ClearFlag   stm32f10x_usart.o
    0x080027ba   0x0000001e   Code   RO         3879    i.USART_ClearITPendingBit  stm32f10x_usart.o
    0x080027d8   0x00000018   Code   RO         3882    i.USART_Cmd         stm32f10x_usart.o
    0x080027f0   0x00000054   Code   RO         3886    i.USART_GetITStatus  stm32f10x_usart.o
    0x08002844   0x0000004a   Code   RO         3888    i.USART_ITConfig    stm32f10x_usart.o
    0x0800288e   0x00000002   PAD
    0x08002890   0x000000d8   Code   RO         3889    i.USART_Init        stm32f10x_usart.o
    0x08002968   0x0000000a   Code   RO         3896    i.USART_ReceiveData  stm32f10x_usart.o
    0x08002972   0x00000026   Code   RO          850    i.USART_rcv_ch      esp8266_drv.o
    0x08002998   0x00000038   Code   RO          851    i.USARTx_RCVHandler  esp8266_drv.o
    0x080029d0   0x00000004   Code   RO          413    i.UsageFault_Handler  stm32f10x_it.o
    0x080029d4   0x0000002c   Code   RO          852    i.WIFI_RESET_init   esp8266_drv.o
    0x08002a00   0x00000028   Code   RO         4360    i.__0sprintf        mc_w.l(printfa.o)
    0x08002a28   0x0000000e   Code   RO         4442    i.__scatterload_copy  mc_w.l(handlers.o)
    0x08002a36   0x00000002   Code   RO         4443    i.__scatterload_null  mc_w.l(handlers.o)
    0x08002a38   0x0000000e   Code   RO         4444    i.__scatterload_zeroinit  mc_w.l(handlers.o)
    0x08002a46   0x00000002   PAD
    0x08002a48   0x00000184   Code   RO         4365    i._fp_digits        mc_w.l(printfa.o)
    0x08002bcc   0x000006dc   Code   RO         4366    i._printf_core      mc_w.l(printfa.o)
    0x080032a8   0x00000024   Code   RO         4367    i._printf_post_padding  mc_w.l(printfa.o)
    0x080032cc   0x0000002e   Code   RO         4368    i._printf_pre_padding  mc_w.l(printfa.o)
    0x080032fa   0x0000000a   Code   RO         4370    i._sputc            mc_w.l(printfa.o)
    0x08003304   0x0000000c   Code   RO          487    i.delay5ms          bsp_oled_iic.o
    0x08003310   0x000000bc   Code   RO          669    i.delay_init        delay.o
    0x080033cc   0x0000000c   Code   RO          670    i.delay_ms          delay.o
    0x080033d8   0x00000068   Code   RO         1054    i.get_gps           gps.o
    0x08003440   0x000000d4   Code   RO          854    i.get_round_num     esp8266_drv.o
    0x08003514   0x0000000c   Code   RO          855    i.get_sys_tick      esp8266_drv.o
    0x08003520   0x00000068   Code   RO            1    i.main              main.o
    0x08003588   0x00000088   Code   RO          856    i.mqttPublic        esp8266_drv.o
    0x08003610   0x0000017c   Code   RO          962    i.mqtt_Content      mqtt_drv.o
    0x0800378c   0x00000020   Code   RO          963    i.mqtt_DealCmdSet   mqtt_drv.o
    0x080037ac   0x0000003c   Code   RO          964    i.mqtt_DealTxData   mqtt_drv.o
    0x080037e8   0x0000005e   Code   RO          965    i.mqtt_Dealsetdata_Qs0  mqtt_drv.o
    0x08003846   0x00000002   PAD
    0x08003848   0x0000001c   Code   RO          966    i.mqtt_Ping         mqtt_drv.o
    0x08003864   0x000000b0   Code   RO          967    i.mqtt_PublishQs0   mqtt_drv.o
    0x08003914   0x00000022   Code   RO          968    i.mqtt_TxData       mqtt_drv.o
    0x08003936   0x0000003e   Code   RO          489    i.oled_Clear        bsp_oled_iic.o
    0x08003974   0x00000144   Code   RO          495    i.oled_Init         bsp_oled_iic.o
    0x08003ab8   0x00000068   Code   RO          497    i.oled_ShowCHinese  bsp_oled_iic.o
    0x08003b20   0x0000003a   Code   RO          499    i.oled_ShowString   bsp_oled_iic.o
    0x08003b5a   0x00000002   PAD
    0x08003b5c   0x0000007c   Code   RO          969    i.period_get_server  mqtt_drv.o
    0x08003bd8   0x00000018   Code   RO          271    i.read_config       bridgeflash.o
    0x08003bf0   0x00000038   Code   RO          857    i.send_data_to_dev  esp8266_drv.o
    0x08003c28   0x000000b0   Code   RO          858    i.write_cmd         esp8266_drv.o
    0x08003cd8   0x00000018   Code   RO          273    i.write_config      bridgeflash.o
    0x08003cf0   0x00002240   Data   RO          501    .constdata          bsp_oled_iic.o
    0x08005f30   0x00000020   Data   RO         4440    Region$$Table       anon$$obj.o


    Execution Region RW_IRAM1 (Base: 0x20000000, Size: 0x000021b0, Max: 0x00005000, ABSOLUTE, COMPRESSED[0x000000b4])

    Base Addr    Size         Type   Attr      Idx    E Section Name        Object

    0x20000000   0x00000004   Data   RW            4    .data               main.o
    0x20000004   0x00000012   Data   RW          186    .data               menu.o
    0x20000016   0x00000001   Data   RW          244    .data               time2.o
    0x20000017   0x00000001   PAD
    0x20000018   0x00000002   Data   RW          334    .data               my_usart1.o
    0x2000001a   0x00000001   Data   RW          502    .data               bsp_oled_iic.o
    0x2000001b   0x00000001   PAD
    0x2000001c   0x00000004   Data   RW          673    .data               delay.o
    0x20000020   0x0000000c   Data   RW          730    .data               key.o
    0x2000002c   0x000008b8   Data   RW          861    .data               esp8266_drv.o
    0x200008e4   0x00000035   Data   RW          972    .data               mqtt_drv.o
    0x20000919   0x00000003   PAD
    0x2000091c   0x00000014   Data   RW         1115    .data               system_stm32f10x.o
    0x20000930   0x00000014   Data   RW         2742    .data               stm32f10x_rcc.o
    0x20000944   0x0000000c   Zero   RW            2    .bss                main.o
    0x20000950   0x00000200   Zero   RW          274    .bss                bridgeflash.o
    0x20000b50   0x00000290   Zero   RW          332    .bss                my_usart1.o
    0x20000de0   0x00000010   Zero   RW          775    .bss                led.o
    0x20000df0   0x00000184   Zero   RW          859    .bss                esp8266_drv.o
    0x20000f74   0x00000e1a   Zero   RW          970    .bss                mqtt_drv.o
    0x20001d8e   0x00000002   PAD
    0x20001d90   0x0000001a   Zero   RW         1055    .bss                gps.o
    0x20001daa   0x00000006   PAD
    0x20001db0   0x00000400   Zero   RW         1093    STACK               startup_stm32f10x_md.o


==============================================================================

Image component sizes


      Code (inc. data)   RO Data    RW Data    ZI Data      Debug   Object Name

       282         24          0          0        512       5903   bridgeflash.o
        88         10          0          0          0       1025   bsp_beep.o
      1402         66       8768          1          0      11354   bsp_oled_iic.o
       278         22          0          4          0      18505   delay.o
      1786        414          0       2232        388      11930   esp8266_drv.o
       790         36          0          0         26       4892   gps.o
       504         42          0         12          0       3495   key.o
       304         24          0          0         16       3111   led.o
       104         10          0          4         12     261395   main.o
       816        102          0         18          0       3343   menu.o
       132         22          0          0          0       1799   misc.o
      1740        222          0         53       3610       9656   mqtt_drv.o
       236         22          0          2        656       2032   my_usart1.o
       140         10          0          0          0        644   my_usart2.o
        52          8          0          0          0       1038   shake.o
        36          8        236          0       1024        892   startup_stm32f10x_md.o
       286         36          0          0          0       4520   stm32f10x_flash.o
       304          0          0          0          0       4088   stm32f10x_gpio.o
        40          4          0          0          0       4234   stm32f10x_it.o
       276         32          0         20          0       4846   stm32f10x_rcc.o
       246         42          0          0          0       4062   stm32f10x_tim.o
       456          6          0          0          0       6870   stm32f10x_usart.o
        96          0          0          0          0        558   sys.o
       328         28          0         20          0       2473   system_stm32f10x.o
       138         14          0          1          0       1479   time2.o

    ----------------------------------------------------------------------
     10884       1204       9036       2372       6252     374144   Object Totals
         0          0         32          0          0          0   (incl. Generated)
        24          0          0          5          8          0   (incl. Padding)

    ----------------------------------------------------------------------

      Code (inc. data)   RO Data    RW Data    ZI Data      Debug   Library Member Name

        86          0          0          0          0          0   __dczerorl2.o
         0          0          0          0          0          0   entry.o
         0          0          0          0          0          0   entry10a.o
         0          0          0          0          0          0   entry11a.o
         8          4          0          0          0          0   entry2.o
         4          0          0          0          0          0   entry5.o
         0          0          0          0          0          0   entry7b.o
         0          0          0          0          0          0   entry8b.o
         8          4          0          0          0          0   entry9a.o
        30          0          0          0          0          0   handlers.o
        36          8          0          0          0         68   init.o
         0          0          0          0          0          0   iusefp.o
        30          0          0          0          0         68   llshl.o
        36          0          0          0          0         68   llsshr.o
        32          0          0          0          0         68   llushr.o
        36          0          0          0          0         68   memcpya.o
        36          0          0          0          0        108   memseta.o
      2276         86          0          0          0        520   printfa.o
        14          0          0          0          0         68   strlen.o
        36          0          0          0          0         80   strstr.o
        44          0          0          0          0         80   uidiv.o
        98          0          0          0          0         92   uldiv.o
        48          0          0          0          0         68   cdrcmple.o
       334          0          0          0          0        148   dadd.o
       222          0          0          0          0        100   ddiv.o
       186          0          0          0          0        176   depilogue.o
        48          0          0          0          0         68   dfixul.o
       228          0          0          0          0         96   dmul.o
        38          0          0          0          0         68   f2d.o
       176          0          0          0          0        140   fadd.o
       124          0          0          0          0         88   fdiv.o
       110          0          0          0          0        168   fepilogue.o
        40          0          0          0          0         68   ffixui.o
        10          0          0          0          0         68   ffltui.o
       100          0          0          0          0         76   fmul.o

    ----------------------------------------------------------------------
      4480        102          0          0          0       2620   Library Totals
         6          0          0          0          0          0   (incl. Padding)

    ----------------------------------------------------------------------

      Code (inc. data)   RO Data    RW Data    ZI Data      Debug   Library Name

      2810        102          0          0          0       1288   mc_w.l
      1664          0          0          0          0       1332   mf_w.l

    ----------------------------------------------------------------------
      4480        102          0          0          0       2620   Library Totals

    ----------------------------------------------------------------------

==============================================================================


      Code (inc. data)   RO Data    RW Data    ZI Data      Debug   

     15364       1306       9036       2372       6252     369300   Grand Totals
     15364       1306       9036        180       6252     369300   ELF Image Totals (compressed)
     15364       1306       9036        180          0          0   ROM Totals

==============================================================================

    Total RO  Size (Code + RO Data)                24400 (  23.83kB)
    Total RW  Size (RW Data + ZI Data)              8624 (   8.42kB)
    Total ROM Size (Code + RO Data + RW Data)      24580 (  24.00kB)

==============================================================================

